Archive member included to satisfy reference by file (symbol)

d:/zainstalowane/programy/stm32_develop/eclipse/plugins/fr.ac6.mcu.externaltools.arm-none.win32_1.15.0.201708311556/tools/compiler/bin/../lib/gcc/arm-none-eabi/6.3.1/thumb/v6-m\libgcc.a(_udivsi3.o)
                              Drivers/STM32F0xx_HAL_Driver/Src/stm32f0xx_hal.o (__aeabi_uidiv)
d:/zainstalowane/programy/stm32_develop/eclipse/plugins/fr.ac6.mcu.externaltools.arm-none.win32_1.15.0.201708311556/tools/compiler/bin/../lib/gcc/arm-none-eabi/6.3.1/thumb/v6-m\libgcc.a(_dvmd_tls.o)
                              d:/zainstalowane/programy/stm32_develop/eclipse/plugins/fr.ac6.mcu.externaltools.arm-none.win32_1.15.0.201708311556/tools/compiler/bin/../lib/gcc/arm-none-eabi/6.3.1/thumb/v6-m\libgcc.a(_udivsi3.o) (__aeabi_idiv0)
d:/zainstalowane/programy/stm32_develop/eclipse/plugins/fr.ac6.mcu.externaltools.arm-none.win32_1.15.0.201708311556/tools/compiler/bin/../lib/gcc/arm-none-eabi/6.3.1/../../../../arm-none-eabi/lib/thumb/v6-m\libc_nano.a(lib_a-exit.o)
                              d:/zainstalowane/programy/stm32_develop/eclipse/plugins/fr.ac6.mcu.externaltools.arm-none.win32_1.15.0.201708311556/tools/compiler/bin/../lib/gcc/arm-none-eabi/6.3.1/../../../../arm-none-eabi/lib/thumb/v6-m/crt0.o (exit)
d:/zainstalowane/programy/stm32_develop/eclipse/plugins/fr.ac6.mcu.externaltools.arm-none.win32_1.15.0.201708311556/tools/compiler/bin/../lib/gcc/arm-none-eabi/6.3.1/../../../../arm-none-eabi/lib/thumb/v6-m\libc_nano.a(lib_a-impure.o)
                              d:/zainstalowane/programy/stm32_develop/eclipse/plugins/fr.ac6.mcu.externaltools.arm-none.win32_1.15.0.201708311556/tools/compiler/bin/../lib/gcc/arm-none-eabi/6.3.1/../../../../arm-none-eabi/lib/thumb/v6-m\libc_nano.a(lib_a-exit.o) (_global_impure_ptr)
d:/zainstalowane/programy/stm32_develop/eclipse/plugins/fr.ac6.mcu.externaltools.arm-none.win32_1.15.0.201708311556/tools/compiler/bin/../lib/gcc/arm-none-eabi/6.3.1/../../../../arm-none-eabi/lib/thumb/v6-m\libc_nano.a(lib_a-init.o)
                              d:/zainstalowane/programy/stm32_develop/eclipse/plugins/fr.ac6.mcu.externaltools.arm-none.win32_1.15.0.201708311556/tools/compiler/bin/../lib/gcc/arm-none-eabi/6.3.1/../../../../arm-none-eabi/lib/thumb/v6-m/crt0.o (__libc_init_array)
d:/zainstalowane/programy/stm32_develop/eclipse/plugins/fr.ac6.mcu.externaltools.arm-none.win32_1.15.0.201708311556/tools/compiler/bin/../lib/gcc/arm-none-eabi/6.3.1/../../../../arm-none-eabi/lib/thumb/v6-m\libc_nano.a(lib_a-itoa.o)
                              Src/text.o (itoa)
d:/zainstalowane/programy/stm32_develop/eclipse/plugins/fr.ac6.mcu.externaltools.arm-none.win32_1.15.0.201708311556/tools/compiler/bin/../lib/gcc/arm-none-eabi/6.3.1/../../../../arm-none-eabi/lib/thumb/v6-m\libc_nano.a(lib_a-memcpy-stub.o)
                              Src/lcd.o (memcpy)
d:/zainstalowane/programy/stm32_develop/eclipse/plugins/fr.ac6.mcu.externaltools.arm-none.win32_1.15.0.201708311556/tools/compiler/bin/../lib/gcc/arm-none-eabi/6.3.1/../../../../arm-none-eabi/lib/thumb/v6-m\libc_nano.a(lib_a-memset.o)
                              d:/zainstalowane/programy/stm32_develop/eclipse/plugins/fr.ac6.mcu.externaltools.arm-none.win32_1.15.0.201708311556/tools/compiler/bin/../lib/gcc/arm-none-eabi/6.3.1/../../../../arm-none-eabi/lib/thumb/v6-m/crt0.o (memset)
d:/zainstalowane/programy/stm32_develop/eclipse/plugins/fr.ac6.mcu.externaltools.arm-none.win32_1.15.0.201708311556/tools/compiler/bin/../lib/gcc/arm-none-eabi/6.3.1/../../../../arm-none-eabi/lib/thumb/v6-m\libc_nano.a(lib_a-strcat.o)
                              Src/text.o (strcat)
d:/zainstalowane/programy/stm32_develop/eclipse/plugins/fr.ac6.mcu.externaltools.arm-none.win32_1.15.0.201708311556/tools/compiler/bin/../lib/gcc/arm-none-eabi/6.3.1/../../../../arm-none-eabi/lib/thumb/v6-m\libc_nano.a(lib_a-strlen.o)
                              Src/text.o (strlen)
d:/zainstalowane/programy/stm32_develop/eclipse/plugins/fr.ac6.mcu.externaltools.arm-none.win32_1.15.0.201708311556/tools/compiler/bin/../lib/gcc/arm-none-eabi/6.3.1/../../../../arm-none-eabi/lib/thumb/v6-m\libc_nano.a(lib_a-utoa.o)
                              d:/zainstalowane/programy/stm32_develop/eclipse/plugins/fr.ac6.mcu.externaltools.arm-none.win32_1.15.0.201708311556/tools/compiler/bin/../lib/gcc/arm-none-eabi/6.3.1/../../../../arm-none-eabi/lib/thumb/v6-m\libc_nano.a(lib_a-itoa.o) (__utoa)
d:/zainstalowane/programy/stm32_develop/eclipse/plugins/fr.ac6.mcu.externaltools.arm-none.win32_1.15.0.201708311556/tools/compiler/bin/../lib/gcc/arm-none-eabi/6.3.1/../../../../arm-none-eabi/lib/thumb/v6-m\libnosys.a(_exit.o)
                              d:/zainstalowane/programy/stm32_develop/eclipse/plugins/fr.ac6.mcu.externaltools.arm-none.win32_1.15.0.201708311556/tools/compiler/bin/../lib/gcc/arm-none-eabi/6.3.1/../../../../arm-none-eabi/lib/thumb/v6-m\libc_nano.a(lib_a-exit.o) (_exit)

Allocating common symbols
Common symbol       size              file
[...]
Memory Configuration

Name             Origin             Length             Attributes
RAM              0x20000000         0x00001000         xrw
FLASH            0x08000000         0x00004000         xr
*default*        0x00000000         0xffffffff

Linker script and memory map

LOAD d:/zainstalowane/programy/stm32_develop/eclipse/plugins/fr.ac6.mcu.externaltools.arm-none.win32_1.15.0.201708311556/tools/compiler/bin/../lib/gcc/arm-none-eabi/6.3.1/thumb/v6-m/crti.o
LOAD d:/zainstalowane/programy/stm32_develop/eclipse/plugins/fr.ac6.mcu.externaltools.arm-none.win32_1.15.0.201708311556/tools/compiler/bin/../lib/gcc/arm-none-eabi/6.3.1/thumb/v6-m/crtbegin.o
LOAD d:/zainstalowane/programy/stm32_develop/eclipse/plugins/fr.ac6.mcu.externaltools.arm-none.win32_1.15.0.201708311556/tools/compiler/bin/../lib/gcc/arm-none-eabi/6.3.1/../../../../arm-none-eabi/lib/thumb/v6-m/crt0.o
LOAD Drivers/STM32F0xx_HAL_Driver/Src/stm32f0xx_hal.o
LOAD Drivers/STM32F0xx_HAL_Driver/Src/stm32f0xx_hal_cortex.o
LOAD Drivers/STM32F0xx_HAL_Driver/Src/stm32f0xx_hal_dma.o
LOAD Drivers/STM32F0xx_HAL_Driver/Src/stm32f0xx_hal_flash.o
LOAD Drivers/STM32F0xx_HAL_Driver/Src/stm32f0xx_hal_flash_ex.o
LOAD Drivers/STM32F0xx_HAL_Driver/Src/stm32f0xx_hal_gpio.o
LOAD Drivers/STM32F0xx_HAL_Driver/Src/stm32f0xx_hal_i2c.o
LOAD Drivers/STM32F0xx_HAL_Driver/Src/stm32f0xx_hal_i2c_ex.o
LOAD Drivers/STM32F0xx_HAL_Driver/Src/stm32f0xx_hal_pwr.o
LOAD Drivers/STM32F0xx_HAL_Driver/Src/stm32f0xx_hal_pwr_ex.o
LOAD Drivers/STM32F0xx_HAL_Driver/Src/stm32f0xx_hal_rcc.o
LOAD Drivers/STM32F0xx_HAL_Driver/Src/stm32f0xx_hal_rcc_ex.o
LOAD Drivers/STM32F0xx_HAL_Driver/Src/stm32f0xx_hal_spi.o
LOAD Drivers/STM32F0xx_HAL_Driver/Src/stm32f0xx_hal_spi_ex.o
LOAD Drivers/STM32F0xx_HAL_Driver/Src/stm32f0xx_hal_tim.o
LOAD Drivers/STM32F0xx_HAL_Driver/Src/stm32f0xx_hal_tim_ex.o
LOAD Src/font.o
LOAD Src/gpio.o
LOAD Src/i2c.o
LOAD Src/io_routines.o
LOAD Src/lcd.o
LOAD Src/main.o
LOAD Src/rtc.o
LOAD Src/spi.o
LOAD Src/stm32f0xx_hal_msp.o
LOAD Src/stm32f0xx_it.o
LOAD Src/system_stm32f0xx.o
LOAD Src/text.o
LOAD Src/tim.o
LOAD startup/startup_stm32f030x6.o
LOAD d:/zainstalowane/programy/stm32_develop/eclipse/plugins/fr.ac6.mcu.externaltools.arm-none.win32_1.15.0.201708311556/tools/compiler/bin/../lib/gcc/arm-none-eabi/6.3.1/../../../../arm-none-eabi/lib/thumb/v6-m\libm.a
START GROUP
LOAD d:/zainstalowane/programy/stm32_develop/eclipse/plugins/fr.ac6.mcu.externaltools.arm-none.win32_1.15.0.201708311556/tools/compiler/bin/../lib/gcc/arm-none-eabi/6.3.1/thumb/v6-m\libgcc.a
LOAD d:/zainstalowane/programy/stm32_develop/eclipse/plugins/fr.ac6.mcu.externaltools.arm-none.win32_1.15.0.201708311556/tools/compiler/bin/../lib/gcc/arm-none-eabi/6.3.1/../../../../arm-none-eabi/lib/thumb/v6-m\libc_nano.a
END GROUP
START GROUP
LOAD d:/zainstalowane/programy/stm32_develop/eclipse/plugins/fr.ac6.mcu.externaltools.arm-none.win32_1.15.0.201708311556/tools/compiler/bin/../lib/gcc/arm-none-eabi/6.3.1/thumb/v6-m\libgcc.a
LOAD d:/zainstalowane/programy/stm32_develop/eclipse/plugins/fr.ac6.mcu.externaltools.arm-none.win32_1.15.0.201708311556/tools/compiler/bin/../lib/gcc/arm-none-eabi/6.3.1/../../../../arm-none-eabi/lib/thumb/v6-m\libc_nano.a
LOAD d:/zainstalowane/programy/stm32_develop/eclipse/plugins/fr.ac6.mcu.externaltools.arm-none.win32_1.15.0.201708311556/tools/compiler/bin/../lib/gcc/arm-none-eabi/6.3.1/../../../../arm-none-eabi/lib/thumb/v6-m\libnosys.a
END GROUP
START GROUP
LOAD d:/zainstalowane/programy/stm32_develop/eclipse/plugins/fr.ac6.mcu.externaltools.arm-none.win32_1.15.0.201708311556/tools/compiler/bin/../lib/gcc/arm-none-eabi/6.3.1/thumb/v6-m\libgcc.a
LOAD d:/zainstalowane/programy/stm32_develop/eclipse/plugins/fr.ac6.mcu.externaltools.arm-none.win32_1.15.0.201708311556/tools/compiler/bin/../lib/gcc/arm-none-eabi/6.3.1/../../../../arm-none-eabi/lib/thumb/v6-m\libc_nano.a
LOAD d:/zainstalowane/programy/stm32_develop/eclipse/plugins/fr.ac6.mcu.externaltools.arm-none.win32_1.15.0.201708311556/tools/compiler/bin/../lib/gcc/arm-none-eabi/6.3.1/../../../../arm-none-eabi/lib/thumb/v6-m\libnosys.a
END GROUP
LOAD d:/zainstalowane/programy/stm32_develop/eclipse/plugins/fr.ac6.mcu.externaltools.arm-none.win32_1.15.0.201708311556/tools/compiler/bin/../lib/gcc/arm-none-eabi/6.3.1/thumb/v6-m/crtend.o
LOAD d:/zainstalowane/programy/stm32_develop/eclipse/plugins/fr.ac6.mcu.externaltools.arm-none.win32_1.15.0.201708311556/tools/compiler/bin/../lib/gcc/arm-none-eabi/6.3.1/thumb/v6-m/crtn.o
                0x20001000                _estack = 0x20001000
                0x00000200                _Min_Heap_Size = 0x200
                0x00000400                _Min_Stack_Size = 0x400

.isr_vector     0x08000000       0xc0
                0x08000000                . = ALIGN (0x4)
 *(.isr_vector)
 .isr_vector    0x08000000       0xc0 startup/startup_stm32f030x6.o
                0x08000000                g_pfnVectors
                0x080000c0                . = ALIGN (0x4)

.text           0x080000c0     0x23b8
                0x080000c0                . = ALIGN (0x4)
 *(.text)
 .text          0x080000c0       0x60 d:/zainstalowane/programy/stm32_develop/eclipse/plugins/fr.ac6.mcu.externaltools.arm-none.win32_1.15.0.201708311556/tools/compiler/bin/../lib/gcc/arm-none-eabi/6.3.1/thumb/v6-m/crtbegin.o
 .text          0x08000120      0x114 d:/zainstalowane/programy/stm32_develop/eclipse/plugins/fr.ac6.mcu.externaltools.arm-none.win32_1.15.0.201708311556/tools/compiler/bin/../lib/gcc/arm-none-eabi/6.3.1/thumb/v6-m\libgcc.a(_udivsi3.o)
                0x08000120                __aeabi_uidiv
                0x08000120                __udivsi3
                0x0800022c                __aeabi_uidivmod
 .text          0x08000234        0x4 d:/zainstalowane/programy/stm32_develop/eclipse/plugins/fr.ac6.mcu.externaltools.arm-none.win32_1.15.0.201708311556/tools/compiler/bin/../lib/gcc/arm-none-eabi/6.3.1/thumb/v6-m\libgcc.a(_dvmd_tls.o)
                0x08000234                __aeabi_idiv0
                0x08000234                __aeabi_ldiv0
 .text          0x08000238        0xe d:/zainstalowane/programy/stm32_develop/eclipse/plugins/fr.ac6.mcu.externaltools.arm-none.win32_1.15.0.201708311556/tools/compiler/bin/../lib/gcc/arm-none-eabi/6.3.1/../../../../arm-none-eabi/lib/thumb/v6-m\libc_nano.a(lib_a-strlen.o)
                0x08000238                strlen
 *(.text*)
 .text.HAL_InitTick
                0x08000246       0x24 Drivers/STM32F0xx_HAL_Driver/Src/stm32f0xx_hal.o
                0x08000246                HAL_InitTick
 *fill*         0x0800026a        0x2 
 .text.HAL_Init
                0x0800026c       0x20 Drivers/STM32F0xx_HAL_Driver/Src/stm32f0xx_hal.o
                0x0800026c                HAL_Init
 .text.HAL_IncTick
                0x0800028c       0x10 Drivers/STM32F0xx_HAL_Driver/Src/stm32f0xx_hal.o
                0x0800028c                HAL_IncTick
 .text.HAL_GetTick
                0x0800029c        0xc Drivers/STM32F0xx_HAL_Driver/Src/stm32f0xx_hal.o
                0x0800029c                HAL_GetTick
 .text.HAL_Delay
                0x080002a8       0x22 Drivers/STM32F0xx_HAL_Driver/Src/stm32f0xx_hal.o
                0x080002a8                HAL_Delay
 *fill*         0x080002ca        0x2 
 .text.HAL_NVIC_SetPriority
                0x080002cc       0x64 Drivers/STM32F0xx_HAL_Driver/Src/stm32f0xx_hal_cortex.o
                0x080002cc                HAL_NVIC_SetPriority
 .text.HAL_NVIC_EnableIRQ
                0x08000330       0x14 Drivers/STM32F0xx_HAL_Driver/Src/stm32f0xx_hal_cortex.o
                0x08000330                HAL_NVIC_EnableIRQ
 .text.HAL_SYSTICK_Config
                0x08000344       0x38 Drivers/STM32F0xx_HAL_Driver/Src/stm32f0xx_hal_cortex.o
                0x08000344                HAL_SYSTICK_Config
 .text.HAL_SYSTICK_CLKSourceConfig
                0x0800037c       0x20 Drivers/STM32F0xx_HAL_Driver/Src/stm32f0xx_hal_cortex.o
                0x0800037c                HAL_SYSTICK_CLKSourceConfig
 .text.HAL_SYSTICK_Callback
                0x0800039c        0x2 Drivers/STM32F0xx_HAL_Driver/Src/stm32f0xx_hal_cortex.o
                0x0800039c                HAL_SYSTICK_Callback
 .text.HAL_SYSTICK_IRQHandler
                0x0800039e        0x8 Drivers/STM32F0xx_HAL_Driver/Src/stm32f0xx_hal_cortex.o
                0x0800039e                HAL_SYSTICK_IRQHandler
 *fill*         0x080003a6        0x2 
 .text.HAL_GPIO_Init
                0x080003a8      0x18c Drivers/STM32F0xx_HAL_Driver/Src/stm32f0xx_hal_gpio.o
                0x080003a8                HAL_GPIO_Init
 .text.HAL_GPIO_WritePin
                0x08000534        0xc Drivers/STM32F0xx_HAL_Driver/Src/stm32f0xx_hal_gpio.o
                0x08000534                HAL_GPIO_WritePin
 .text.HAL_GPIO_TogglePin
                0x08000540        0x8 Drivers/STM32F0xx_HAL_Driver/Src/stm32f0xx_hal_gpio.o
                0x08000540                HAL_GPIO_TogglePin
 .text.HAL_GPIO_EXTI_IRQHandler
                0x08000548       0x1c Drivers/STM32F0xx_HAL_Driver/Src/stm32f0xx_hal_gpio.o
                0x08000548                HAL_GPIO_EXTI_IRQHandler
 .text.I2C_Flush_TXDR
                0x08000564       0x1e Drivers/STM32F0xx_HAL_Driver/Src/stm32f0xx_hal_i2c.o
 *fill*         0x08000582        0x2 
 .text.I2C_TransferConfig
                0x08000584       0x24 Drivers/STM32F0xx_HAL_Driver/Src/stm32f0xx_hal_i2c.o
 .text.I2C_IsAcknowledgeFailed
                0x080005a8       0x78 Drivers/STM32F0xx_HAL_Driver/Src/stm32f0xx_hal_i2c.o
 .text.I2C_WaitOnTXISFlagUntilTimeout
                0x08000620       0x52 Drivers/STM32F0xx_HAL_Driver/Src/stm32f0xx_hal_i2c.o
 .text.I2C_WaitOnFlagUntilTimeout
                0x08000672       0x48 Drivers/STM32F0xx_HAL_Driver/Src/stm32f0xx_hal_i2c.o
 .text.I2C_RequestMemoryRead
                0x080006ba       0x82 Drivers/STM32F0xx_HAL_Driver/Src/stm32f0xx_hal_i2c.o
 .text.I2C_WaitOnSTOPFlagUntilTimeout
                0x0800073c       0x4e Drivers/STM32F0xx_HAL_Driver/Src/stm32f0xx_hal_i2c.o
 *fill*         0x0800078a        0x2 
 .text.HAL_I2C_Init
                0x0800078c       0xcc Drivers/STM32F0xx_HAL_Driver/Src/stm32f0xx_hal_i2c.o
                0x0800078c                HAL_I2C_Init
 .text.HAL_I2C_Mem_Read
                0x08000858      0x1cc Drivers/STM32F0xx_HAL_Driver/Src/stm32f0xx_hal_i2c.o
                0x08000858                HAL_I2C_Mem_Read
 .text.HAL_I2CEx_ConfigAnalogFilter
                0x08000a24       0x58 Drivers/STM32F0xx_HAL_Driver/Src/stm32f0xx_hal_i2c_ex.o
                0x08000a24                HAL_I2CEx_ConfigAnalogFilter
 .text.HAL_I2CEx_ConfigDigitalFilter
                0x08000a7c       0x54 Drivers/STM32F0xx_HAL_Driver/Src/stm32f0xx_hal_i2c_ex.o
                0x08000a7c                HAL_I2CEx_ConfigDigitalFilter
 .text.HAL_RCC_OscConfig
                0x08000ad0      0x44c Drivers/STM32F0xx_HAL_Driver/Src/stm32f0xx_hal_rcc.o
                0x08000ad0                HAL_RCC_OscConfig
 .text.HAL_RCC_GetSysClockFreq
                0x08000f1c       0x6c Drivers/STM32F0xx_HAL_Driver/Src/stm32f0xx_hal_rcc.o
                0x08000f1c                HAL_RCC_GetSysClockFreq
 .text.HAL_RCC_ClockConfig
                0x08000f88      0x154 Drivers/STM32F0xx_HAL_Driver/Src/stm32f0xx_hal_rcc.o
                0x08000f88                HAL_RCC_ClockConfig
 .text.HAL_RCC_GetHCLKFreq
                0x080010dc        0xc Drivers/STM32F0xx_HAL_Driver/Src/stm32f0xx_hal_rcc.o
                0x080010dc                HAL_RCC_GetHCLKFreq
 .text.HAL_RCCEx_PeriphCLKConfig
                0x080010e8      0x118 Drivers/STM32F0xx_HAL_Driver/Src/stm32f0xx_hal_rcc_ex.o
                0x080010e8                HAL_RCCEx_PeriphCLKConfig
 .text.SPI_WaitFlagStateUntilTimeout
                0x08001200       0xa0 Drivers/STM32F0xx_HAL_Driver/Src/stm32f0xx_hal_spi.o
 .text.SPI_WaitFifoStateUntilTimeout
                0x080012a0       0xb4 Drivers/STM32F0xx_HAL_Driver/Src/stm32f0xx_hal_spi.o
 .text.SPI_EndRxTxTransaction
                0x08001354       0x68 Drivers/STM32F0xx_HAL_Driver/Src/stm32f0xx_hal_spi.o
 .text.HAL_SPI_Init
                0x080013bc       0xcc Drivers/STM32F0xx_HAL_Driver/Src/stm32f0xx_hal_spi.o
                0x080013bc                HAL_SPI_Init
 .text.HAL_SPI_Transmit
                0x08001488      0x1c2 Drivers/STM32F0xx_HAL_Driver/Src/stm32f0xx_hal_spi.o
                0x08001488                HAL_SPI_Transmit
 .text.HAL_TIM_Base_Start_IT
                0x0800164a       0x16 Drivers/STM32F0xx_HAL_Driver/Src/stm32f0xx_hal_tim.o
                0x0800164a                HAL_TIM_Base_Start_IT
 .text.HAL_TIM_OC_DelayElapsedCallback
                0x08001660        0x2 Drivers/STM32F0xx_HAL_Driver/Src/stm32f0xx_hal_tim.o
                0x08001660                HAL_TIM_OC_DelayElapsedCallback
 .text.HAL_TIM_IC_CaptureCallback
                0x08001662        0x2 Drivers/STM32F0xx_HAL_Driver/Src/stm32f0xx_hal_tim.o
                0x08001662                HAL_TIM_IC_CaptureCallback
 .text.HAL_TIM_PWM_PulseFinishedCallback
                0x08001664        0x2 Drivers/STM32F0xx_HAL_Driver/Src/stm32f0xx_hal_tim.o
                0x08001664                HAL_TIM_PWM_PulseFinishedCallback
 .text.HAL_TIM_TriggerCallback
                0x08001666        0x2 Drivers/STM32F0xx_HAL_Driver/Src/stm32f0xx_hal_tim.o
                0x08001666                HAL_TIM_TriggerCallback
 .text.HAL_TIM_IRQHandler
                0x08001668      0x15a Drivers/STM32F0xx_HAL_Driver/Src/stm32f0xx_hal_tim.o
                0x08001668                HAL_TIM_IRQHandler
 *fill*         0x080017c2        0x2 
 .text.TIM_Base_SetConfig
                0x080017c4       0x88 Drivers/STM32F0xx_HAL_Driver/Src/stm32f0xx_hal_tim.o
                0x080017c4                TIM_Base_SetConfig
 .text.HAL_TIM_Base_Init
                0x0800184c       0x34 Drivers/STM32F0xx_HAL_Driver/Src/stm32f0xx_hal_tim.o
                0x0800184c                HAL_TIM_Base_Init
 .text.HAL_TIMEx_CommutationCallback
                0x08001880        0x2 Drivers/STM32F0xx_HAL_Driver/Src/stm32f0xx_hal_tim_ex.o
                0x08001880                HAL_TIMEx_CommutationCallback
 .text.HAL_TIMEx_BreakCallback
                0x08001882        0x2 Drivers/STM32F0xx_HAL_Driver/Src/stm32f0xx_hal_tim_ex.o
                0x08001882                HAL_TIMEx_BreakCallback
 .text.MX_GPIO_Init
                0x08001884       0x94 Src/gpio.o
                0x08001884                MX_GPIO_Init
 .text.MX_I2C1_Init
                0x08001918       0x70 Src/i2c.o
                0x08001918                MX_I2C1_Init
 .text.HAL_I2C_MspInit
                0x08001988       0x50 Src/i2c.o
                0x08001988                HAL_I2C_MspInit
 .text.HAL_GPIO_EXTI_Callback
                0x080019d8       0x94 Src/io_routines.o
                0x080019d8                HAL_GPIO_EXTI_Callback
 .text.HAL_TIM_PeriodElapsedCallback
                0x08001a6c       0x1c Src/io_routines.o
                0x08001a6c                HAL_TIM_PeriodElapsedCallback
 .text.lcd_send_command
                0x08001a88       0x54 Src/lcd.o
                0x08001a88                lcd_send_command
 .text.lcd_send_data
                0x08001adc       0x4c Src/lcd.o
                0x08001adc                lcd_send_data
 .text.lcd_reset
                0x08001b28       0x20 Src/lcd.o
                0x08001b28                lcd_reset
 .text.lcd_init
                0x08001b48       0x54 Src/lcd.o
                0x08001b48                lcd_init
 .text.lcd_clear
                0x08001b9c       0x14 Src/lcd.o
                0x08001b9c                lcd_clear
 .text.lcd_draw_text
                0x08001bb0       0x50 Src/lcd.o
                0x08001bb0                lcd_draw_text
 .text.lcd_copy
                0x08001c00       0x14 Src/lcd.o
                0x08001c00                lcd_copy
 .text.MX_NVIC_Init
                0x08001c14       0x34 Src/main.o
 .text._Error_Handler
                0x08001c48        0x2 Src/main.o
                0x08001c48                _Error_Handler
 *fill*         0x08001c4a        0x2 
 .text.SystemClock_Config
                0x08001c4c       0x98 Src/main.o
                0x08001c4c                SystemClock_Config
 .text.main     0x08001ce4       0xf0 Src/main.o
                0x08001ce4                main
 .text.BCD_to_dec
                0x08001dd4       0x16 Src/rtc.o
 *fill*         0x08001dea        0x2 
 .text.rtc_get_all_time_registers
                0x08001dec       0x88 Src/rtc.o
                0x08001dec                rtc_get_all_time_registers
 .text.MX_SPI1_Init
                0x08001e74       0x58 Src/spi.o
                0x08001e74                MX_SPI1_Init
 .text.HAL_SPI_MspInit
                0x08001ecc       0x4c Src/spi.o
                0x08001ecc                HAL_SPI_MspInit
 .text.HAL_MspInit
                0x08001f18       0x44 Src/stm32f0xx_hal_msp.o
                0x08001f18                HAL_MspInit
 .text.NMI_Handler
                0x08001f5c        0x2 Src/stm32f0xx_it.o
                0x08001f5c                NMI_Handler
 .text.HardFault_Handler
                0x08001f5e        0x2 Src/stm32f0xx_it.o
                0x08001f5e                HardFault_Handler
 .text.SVC_Handler
                0x08001f60        0x2 Src/stm32f0xx_it.o
                0x08001f60                SVC_Handler
 .text.PendSV_Handler
                0x08001f62        0x2 Src/stm32f0xx_it.o
                0x08001f62                PendSV_Handler
 .text.SysTick_Handler
                0x08001f64        0xc Src/stm32f0xx_it.o
                0x08001f64                SysTick_Handler
 .text.EXTI0_1_IRQHandler
                0x08001f70       0x10 Src/stm32f0xx_it.o
                0x08001f70                EXTI0_1_IRQHandler
 .text.EXTI2_3_IRQHandler
                0x08001f80       0x10 Src/stm32f0xx_it.o
                0x08001f80                EXTI2_3_IRQHandler
 .text.TIM14_IRQHandler
                0x08001f90       0x10 Src/stm32f0xx_it.o
                0x08001f90                TIM14_IRQHandler
 .text.SystemInit
                0x08001fa0       0x60 Src/system_stm32f0xx.o
                0x08001fa0                SystemInit
 .text.show_time_num
                0x08002000      0x1e0 Src/text.o
                0x08002000                show_time_num
 .text.update_screen
                0x080021e0       0x2c Src/text.o
                0x080021e0                update_screen
 .text.set_pointer
                0x0800220c       0x3c Src/text.o
                0x0800220c                set_pointer
 .text.clear_pointer
                0x08002248       0x28 Src/text.o
                0x08002248                clear_pointer
 .text.MX_TIM14_Init
                0x08002270       0x40 Src/tim.o
                0x08002270                MX_TIM14_Init
 .text.HAL_TIM_Base_MspInit
                0x080022b0       0x2c Src/tim.o
                0x080022b0                HAL_TIM_Base_MspInit
 .text.Reset_Handler
                0x080022dc       0x50 startup/startup_stm32f030x6.o
                0x080022dc                Reset_Handler
 .text.Default_Handler
                0x0800232c        0x2 startup/startup_stm32f030x6.o
                0x0800232c                TIM1_CC_IRQHandler
                0x0800232c                I2C1_IRQHandler
                0x0800232c                SPI1_IRQHandler
                0x0800232c                ADC1_IRQHandler
                0x0800232c                TIM17_IRQHandler
                0x0800232c                RTC_IRQHandler
                0x0800232c                TIM16_IRQHandler
                0x0800232c                TIM3_IRQHandler
                0x0800232c                EXTI4_15_IRQHandler
                0x0800232c                RCC_IRQHandler
                0x0800232c                DMA1_Channel1_IRQHandler
                0x0800232c                Default_Handler
                0x0800232c                DMA1_Channel4_5_IRQHandler
                0x0800232c                WWDG_IRQHandler
                0x0800232c                DMA1_Channel2_3_IRQHandler
                0x0800232c                FLASH_IRQHandler
                0x0800232c                USART1_IRQHandler
                0x0800232c                TIM1_BRK_UP_TRG_COM_IRQHandler
 *fill*         0x0800232e        0x2 
 .text.__libc_init_array
                0x08002330       0x48 d:/zainstalowane/programy/stm32_develop/eclipse/plugins/fr.ac6.mcu.externaltools.arm-none.win32_1.15.0.201708311556/tools/compiler/bin/../lib/gcc/arm-none-eabi/6.3.1/../../../../arm-none-eabi/lib/thumb/v6-m\libc_nano.a(lib_a-init.o)
                0x08002330                __libc_init_array
 .text.__itoa   0x08002378       0x30 d:/zainstalowane/programy/stm32_develop/eclipse/plugins/fr.ac6.mcu.externaltools.arm-none.win32_1.15.0.201708311556/tools/compiler/bin/../lib/gcc/arm-none-eabi/6.3.1/../../../../arm-none-eabi/lib/thumb/v6-m\libc_nano.a(lib_a-itoa.o)
                0x08002378                __itoa
 .text.itoa     0x080023a8        0x8 d:/zainstalowane/programy/stm32_develop/eclipse/plugins/fr.ac6.mcu.externaltools.arm-none.win32_1.15.0.201708311556/tools/compiler/bin/../lib/gcc/arm-none-eabi/6.3.1/../../../../arm-none-eabi/lib/thumb/v6-m\libc_nano.a(lib_a-itoa.o)
                0x080023a8                itoa
 .text.memcpy   0x080023b0       0x12 d:/zainstalowane/programy/stm32_develop/eclipse/plugins/fr.ac6.mcu.externaltools.arm-none.win32_1.15.0.201708311556/tools/compiler/bin/../lib/gcc/arm-none-eabi/6.3.1/../../../../arm-none-eabi/lib/thumb/v6-m\libc_nano.a(lib_a-memcpy-stub.o)
                0x080023b0                memcpy
 .text.memset   0x080023c2       0x10 d:/zainstalowane/programy/stm32_develop/eclipse/plugins/fr.ac6.mcu.externaltools.arm-none.win32_1.15.0.201708311556/tools/compiler/bin/../lib/gcc/arm-none-eabi/6.3.1/../../../../arm-none-eabi/lib/thumb/v6-m\libc_nano.a(lib_a-memset.o)
                0x080023c2                memset
 .text.strcat   0x080023d2       0x1a d:/zainstalowane/programy/stm32_develop/eclipse/plugins/fr.ac6.mcu.externaltools.arm-none.win32_1.15.0.201708311556/tools/compiler/bin/../lib/gcc/arm-none-eabi/6.3.1/../../../../arm-none-eabi/lib/thumb/v6-m\libc_nano.a(lib_a-strcat.o)
                0x080023d2                strcat
 .text.__utoa   0x080023ec       0x74 d:/zainstalowane/programy/stm32_develop/eclipse/plugins/fr.ac6.mcu.externaltools.arm-none.win32_1.15.0.201708311556/tools/compiler/bin/../lib/gcc/arm-none-eabi/6.3.1/../../../../arm-none-eabi/lib/thumb/v6-m\libc_nano.a(lib_a-utoa.o)
                0x080023ec                __utoa
 *(.glue_7)
 .glue_7        0x08002460        0x0 linker stubs
 *(.glue_7t)
 .glue_7t       0x08002460        0x0 linker stubs
 *(.eh_frame)
 .eh_frame      0x08002460        0x0 d:/zainstalowane/programy/stm32_develop/eclipse/plugins/fr.ac6.mcu.externaltools.arm-none.win32_1.15.0.201708311556/tools/compiler/bin/../lib/gcc/arm-none-eabi/6.3.1/thumb/v6-m/crtbegin.o
 *(.init)
 .init          0x08002460        0x4 d:/zainstalowane/programy/stm32_develop/eclipse/plugins/fr.ac6.mcu.externaltools.arm-none.win32_1.15.0.201708311556/tools/compiler/bin/../lib/gcc/arm-none-eabi/6.3.1/thumb/v6-m/crti.o
                0x08002460                _init
 .init          0x08002464        0x8 d:/zainstalowane/programy/stm32_develop/eclipse/plugins/fr.ac6.mcu.externaltools.arm-none.win32_1.15.0.201708311556/tools/compiler/bin/../lib/gcc/arm-none-eabi/6.3.1/thumb/v6-m/crtn.o
 *(.fini)
 .fini          0x0800246c        0x4 d:/zainstalowane/programy/stm32_develop/eclipse/plugins/fr.ac6.mcu.externaltools.arm-none.win32_1.15.0.201708311556/tools/compiler/bin/../lib/gcc/arm-none-eabi/6.3.1/thumb/v6-m/crti.o
                0x0800246c                _fini
 .fini          0x08002470        0x8 d:/zainstalowane/programy/stm32_develop/eclipse/plugins/fr.ac6.mcu.externaltools.arm-none.win32_1.15.0.201708311556/tools/compiler/bin/../lib/gcc/arm-none-eabi/6.3.1/thumb/v6-m/crtn.o
                0x08002478                . = ALIGN (0x4)
                0x08002478                _etext = .

.vfp11_veneer   0x08002478        0x0
 .vfp11_veneer  0x08002478        0x0 linker stubs

.v4_bx          0x08002478        0x0
 .v4_bx         0x08002478        0x0 linker stubs

.iplt           0x08002478        0x0
 .iplt          0x08002478        0x0 d:/zainstalowane/programy/stm32_develop/eclipse/plugins/fr.ac6.mcu.externaltools.arm-none.win32_1.15.0.201708311556/tools/compiler/bin/../lib/gcc/arm-none-eabi/6.3.1/thumb/v6-m/crtbegin.o

.rodata         0x08002478      0x4b0
                0x08002478                . = ALIGN (0x4)
 *(.rodata)
 .rodata        0x08002478       0x20 Drivers/STM32F0xx_HAL_Driver/Src/stm32f0xx_hal_rcc.o
 .rodata        0x08002498      0x1e0 Src/font.o
                0x08002498                font_ASCII
 .rodata        0x08002678      0x214 Src/main.o
 .rodata        0x0800288c       0x18 Src/system_stm32f0xx.o
                0x0800288c                AHBPrescTable
                0x0800289c                APBPrescTable
 .rodata        0x080028a4        0xb Src/text.o
                0x080028a4                zeros
 *(.rodata*)
 *fill*         0x080028af        0x1 
 .rodata.str1.4
                0x080028b0        0xd Src/i2c.o
 *fill*         0x080028bd        0x3 
 .rodata.str1.4
                0x080028c0        0xe Src/main.o
 *fill*         0x080028ce        0x2 
 .rodata.str1.4
                0x080028d0        0xd Src/spi.o
 *fill*         0x080028dd        0x3 
 .rodata.str1.4
                0x080028e0        0xe Src/text.o
 *fill*         0x080028ee        0x2 
 .rodata.str1.4
                0x080028f0       0x10 Src/tim.o
                                  0xd (size before relaxing)
 .rodata.__utoa.str1.1
                0x08002900       0x25 d:/zainstalowane/programy/stm32_develop/eclipse/plugins/fr.ac6.mcu.externaltools.arm-none.win32_1.15.0.201708311556/tools/compiler/bin/../lib/gcc/arm-none-eabi/6.3.1/../../../../arm-none-eabi/lib/thumb/v6-m\libc_nano.a(lib_a-utoa.o)
                0x08002928                . = ALIGN (0x4)
 *fill*         0x08002925        0x3 

.rel.dyn        0x08002928        0x0
 .rel.iplt      0x08002928        0x0 d:/zainstalowane/programy/stm32_develop/eclipse/plugins/fr.ac6.mcu.externaltools.arm-none.win32_1.15.0.201708311556/tools/compiler/bin/../lib/gcc/arm-none-eabi/6.3.1/thumb/v6-m/crtbegin.o

.ARM.extab
 *(.ARM.extab* .gnu.linkonce.armextab.*)

.ARM            0x08002928        0x0
                0x08002928                __exidx_start = .
 *(.ARM.exidx*)
                0x08002928                __exidx_end = .

.preinit_array  0x08002928        0x0
                0x08002928                PROVIDE (__preinit_array_start, .)
 *(.preinit_array*)
                0x08002928                PROVIDE (__preinit_array_end, .)

.init_array     0x08002928        0x4
                0x08002928                PROVIDE (__init_array_start, .)
 *(SORT(.init_array.*))
 *(.init_array*)
 .init_array    0x08002928        0x4 d:/zainstalowane/programy/stm32_develop/eclipse/plugins/fr.ac6.mcu.externaltools.arm-none.win32_1.15.0.201708311556/tools/compiler/bin/../lib/gcc/arm-none-eabi/6.3.1/thumb/v6-m/crtbegin.o
                0x0800292c                PROVIDE (__init_array_end, .)

.fini_array     0x0800292c        0x4
                [!provide]                PROVIDE (__fini_array_start, .)
 *(SORT(.fini_array.*))
 *(.fini_array*)
 .fini_array    0x0800292c        0x4 d:/zainstalowane/programy/stm32_develop/eclipse/plugins/fr.ac6.mcu.externaltools.arm-none.win32_1.15.0.201708311556/tools/compiler/bin/../lib/gcc/arm-none-eabi/6.3.1/thumb/v6-m/crtbegin.o
                [!provide]                PROVIDE (__fini_array_end, .)
                0x08002930                _sidata = LOADADDR (.data)

.data           0x20000000        0x8 load address 0x08002930
                0x20000000                . = ALIGN (0x4)
                0x20000000                _sdata = .
 *(.data)
 .data          0x20000000        0x1 Src/main.o
                0x20000000                pointer_pos
 *fill*         0x20000001        0x3 
 .data          0x20000004        0x4 Src/system_stm32f0xx.o
                0x20000004                SystemCoreClock
 *(.data*)
                0x20000008                . = ALIGN (0x4)
                0x20000008                _edata = .

.jcr            0x20000008        0x0 load address 0x08002938
 .jcr           0x20000008        0x0 d:/zainstalowane/programy/stm32_develop/eclipse/plugins/fr.ac6.mcu.externaltools.arm-none.win32_1.15.0.201708311556/tools/compiler/bin/../lib/gcc/arm-none-eabi/6.3.1/thumb/v6-m/crtbegin.o

.igot.plt       0x20000008        0x0 load address 0x08002938
 .igot.plt      0x20000008        0x0 d:/zainstalowane/programy/stm32_develop/eclipse/plugins/fr.ac6.mcu.externaltools.arm-none.win32_1.15.0.201708311556/tools/compiler/bin/../lib/gcc/arm-none-eabi/6.3.1/thumb/v6-m/crtbegin.o
                0x20000008                . = ALIGN (0x4)

.bss            0x20000008      0x334 load address 0x08002938
                0x20000008                _sbss = .
                0x20000008                __bss_start__ = _sbss
 *(.bss)
 .bss           0x20000008       0x1c d:/zainstalowane/programy/stm32_develop/eclipse/plugins/fr.ac6.mcu.externaltools.arm-none.win32_1.15.0.201708311556/tools/compiler/bin/../lib/gcc/arm-none-eabi/6.3.1/thumb/v6-m/crtbegin.o
 *(.bss*)
 *(COMMON)
 COMMON         0x20000024       0x10 Drivers/STM32F0xx_HAL_Driver/Src/stm32f0xx_hal.o
                0x20000024                rtc_values
                0x20000030                uwTick
 COMMON         0x20000034       0x4c Src/i2c.o
                0x20000034                hi2c1
 COMMON         0x20000080        0x4 Src/io_routines.o
                0x20000080                btn_3
                0x20000081                second_pass
                0x20000082                btn_2
                0x20000083                btn_1
 COMMON         0x20000084      0x1f8 Src/lcd.o
                0x20000084                lcd_buffer
 COMMON         0x2000027c        0x2 Src/main.o
                0x2000027c                mode
                0x2000027d                year
 *fill*         0x2000027e        0x2 
 COMMON         0x20000280       0x64 Src/spi.o
                0x20000280                hspi1
 COMMON         0x200002e4       0x17 Src/text.o
                0x200002e4                row1
                0x200002f0                row2
 *fill*         0x200002fb        0x1 
 COMMON         0x200002fc       0x40 Src/tim.o
                0x200002fc                htim14
                0x2000033c                . = ALIGN (0x4)
                0x2000033c                _ebss = .
                0x2000033c                __bss_end__ = _ebss

._user_heap_stack
                0x2000033c      0x604 load address 0x08002938
                0x20000340                . = ALIGN (0x8)
 *fill*         0x2000033c        0x4 
                [!provide]                PROVIDE (end, .)
                [!provide]                PROVIDE (_end, .)
                0x20000540                . = (. + _Min_Heap_Size)
 *fill*         0x20000340      0x200 
                0x20000940                . = (. + _Min_Stack_Size)
 *fill*         0x20000540      0x400 
                0x20000940                . = ALIGN (0x8)

/DISCARD/
 libc.a(*)
 libm.a(*)
 libgcc.a(*)

.ARM.attributes
                0x00000000       0x28
 *(.ARM.attributes)
 .ARM.attributes
                0x00000000       0x1e d:/zainstalowane/programy/stm32_develop/eclipse/plugins/fr.ac6.mcu.externaltools.arm-none.win32_1.15.0.201708311556/tools/compiler/bin/../lib/gcc/arm-none-eabi/6.3.1/thumb/v6-m/crti.o
 .ARM.attributes
                0x0000001e       0x2c d:/zainstalowane/programy/stm32_develop/eclipse/plugins/fr.ac6.mcu.externaltools.arm-none.win32_1.15.0.201708311556/tools/compiler/bin/../lib/gcc/arm-none-eabi/6.3.1/thumb/v6-m/crtbegin.o
 .ARM.attributes
                0x0000004a       0x31 Drivers/STM32F0xx_HAL_Driver/Src/stm32f0xx_hal.o
 .ARM.attributes
                0x0000007b       0x31 Drivers/STM32F0xx_HAL_Driver/Src/stm32f0xx_hal_cortex.o
 .ARM.attributes
                0x000000ac       0x31 Drivers/STM32F0xx_HAL_Driver/Src/stm32f0xx_hal_gpio.o
 .ARM.attributes
                0x000000dd       0x31 Drivers/STM32F0xx_HAL_Driver/Src/stm32f0xx_hal_i2c.o
 .ARM.attributes
                0x0000010e       0x31 Drivers/STM32F0xx_HAL_Driver/Src/stm32f0xx_hal_i2c_ex.o
 .ARM.attributes
                0x0000013f       0x31 Drivers/STM32F0xx_HAL_Driver/Src/stm32f0xx_hal_rcc.o
 .ARM.attributes
                0x00000170       0x31 Drivers/STM32F0xx_HAL_Driver/Src/stm32f0xx_hal_rcc_ex.o
 .ARM.attributes
                0x000001a1       0x31 Drivers/STM32F0xx_HAL_Driver/Src/stm32f0xx_hal_spi.o
 .ARM.attributes
                0x000001d2       0x31 Drivers/STM32F0xx_HAL_Driver/Src/stm32f0xx_hal_tim.o
 .ARM.attributes
                0x00000203       0x31 Drivers/STM32F0xx_HAL_Driver/Src/stm32f0xx_hal_tim_ex.o
 .ARM.attributes
                0x00000234       0x31 Src/font.o
 .ARM.attributes
                0x00000265       0x31 Src/gpio.o
 .ARM.attributes
                0x00000296       0x31 Src/i2c.o
 .ARM.attributes
                0x000002c7       0x31 Src/io_routines.o
 .ARM.attributes
                0x000002f8       0x31 Src/lcd.o
 .ARM.attributes
                0x00000329       0x31 Src/main.o
 .ARM.attributes
                0x0000035a       0x31 Src/rtc.o
 .ARM.attributes
                0x0000038b       0x31 Src/spi.o
 .ARM.attributes
                0x000003bc       0x31 Src/stm32f0xx_hal_msp.o
 .ARM.attributes
                0x000003ed       0x31 Src/stm32f0xx_it.o
 .ARM.attributes
                0x0000041e       0x31 Src/system_stm32f0xx.o
 .ARM.attributes
                0x0000044f       0x31 Src/text.o
 .ARM.attributes
                0x00000480       0x31 Src/tim.o
 .ARM.attributes
                0x000004b1       0x21 startup/startup_stm32f030x6.o
 .ARM.attributes
                0x000004d2       0x1e d:/zainstalowane/programy/stm32_develop/eclipse/plugins/fr.ac6.mcu.externaltools.arm-none.win32_1.15.0.201708311556/tools/compiler/bin/../lib/gcc/arm-none-eabi/6.3.1/thumb/v6-m\libgcc.a(_udivsi3.o)
 .ARM.attributes
                0x000004f0       0x1e d:/zainstalowane/programy/stm32_develop/eclipse/plugins/fr.ac6.mcu.externaltools.arm-none.win32_1.15.0.201708311556/tools/compiler/bin/../lib/gcc/arm-none-eabi/6.3.1/thumb/v6-m\libgcc.a(_dvmd_tls.o)
 .ARM.attributes
                0x0000050e       0x2c d:/zainstalowane/programy/stm32_develop/eclipse/plugins/fr.ac6.mcu.externaltools.arm-none.win32_1.15.0.201708311556/tools/compiler/bin/../lib/gcc/arm-none-eabi/6.3.1/../../../../arm-none-eabi/lib/thumb/v6-m\libc_nano.a(lib_a-init.o)
 .ARM.attributes
                0x0000053a       0x2c d:/zainstalowane/programy/stm32_develop/eclipse/plugins/fr.ac6.mcu.externaltools.arm-none.win32_1.15.0.201708311556/tools/compiler/bin/../lib/gcc/arm-none-eabi/6.3.1/../../../../arm-none-eabi/lib/thumb/v6-m\libc_nano.a(lib_a-itoa.o)
 .ARM.attributes
                0x00000566       0x2c d:/zainstalowane/programy/stm32_develop/eclipse/plugins/fr.ac6.mcu.externaltools.arm-none.win32_1.15.0.201708311556/tools/compiler/bin/../lib/gcc/arm-none-eabi/6.3.1/../../../../arm-none-eabi/lib/thumb/v6-m\libc_nano.a(lib_a-memcpy-stub.o)
 .ARM.attributes
                0x00000592       0x2c d:/zainstalowane/programy/stm32_develop/eclipse/plugins/fr.ac6.mcu.externaltools.arm-none.win32_1.15.0.201708311556/tools/compiler/bin/../lib/gcc/arm-none-eabi/6.3.1/../../../../arm-none-eabi/lib/thumb/v6-m\libc_nano.a(lib_a-memset.o)
 .ARM.attributes
                0x000005be       0x2c d:/zainstalowane/programy/stm32_develop/eclipse/plugins/fr.ac6.mcu.externaltools.arm-none.win32_1.15.0.201708311556/tools/compiler/bin/../lib/gcc/arm-none-eabi/6.3.1/../../../../arm-none-eabi/lib/thumb/v6-m\libc_nano.a(lib_a-strcat.o)
 .ARM.attributes
                0x000005ea       0x1c d:/zainstalowane/programy/stm32_develop/eclipse/plugins/fr.ac6.mcu.externaltools.arm-none.win32_1.15.0.201708311556/tools/compiler/bin/../lib/gcc/arm-none-eabi/6.3.1/../../../../arm-none-eabi/lib/thumb/v6-m\libc_nano.a(lib_a-strlen.o)
 .ARM.attributes
                0x00000606       0x2c d:/zainstalowane/programy/stm32_develop/eclipse/plugins/fr.ac6.mcu.externaltools.arm-none.win32_1.15.0.201708311556/tools/compiler/bin/../lib/gcc/arm-none-eabi/6.3.1/../../../../arm-none-eabi/lib/thumb/v6-m\libc_nano.a(lib_a-utoa.o)
 .ARM.attributes
                0x00000632       0x1e d:/zainstalowane/programy/stm32_develop/eclipse/plugins/fr.ac6.mcu.externaltools.arm-none.win32_1.15.0.201708311556/tools/compiler/bin/../lib/gcc/arm-none-eabi/6.3.1/thumb/v6-m/crtn.o
OUTPUT(RTC_and_spi_screen.elf elf32-littlearm)

.debug_info     0x00000000    0x20dd4
 .debug_info    0x00000000     0x1128 Drivers/STM32F0xx_HAL_Driver/Src/stm32f0xx_hal.o
 .debug_info    0x00001128     0x129e Drivers/STM32F0xx_HAL_Driver/Src/stm32f0xx_hal_cortex.o
 .debug_info    0x000023c6     0x1143 Drivers/STM32F0xx_HAL_Driver/Src/stm32f0xx_hal_gpio.o
 .debug_info    0x00003509     0x3c88 Drivers/STM32F0xx_HAL_Driver/Src/stm32f0xx_hal_i2c.o
 .debug_info    0x00007191     0x1326 Drivers/STM32F0xx_HAL_Driver/Src/stm32f0xx_hal_i2c_ex.o
 .debug_info    0x000084b7     0x1422 Drivers/STM32F0xx_HAL_Driver/Src/stm32f0xx_hal_rcc.o
 .debug_info    0x000098d9      0xeef Drivers/STM32F0xx_HAL_Driver/Src/stm32f0xx_hal_rcc_ex.o
 .debug_info    0x0000a7c8     0x285d Drivers/STM32F0xx_HAL_Driver/Src/stm32f0xx_hal_spi.o
 .debug_info    0x0000d025     0x39c7 Drivers/STM32F0xx_HAL_Driver/Src/stm32f0xx_hal_tim.o
 .debug_info    0x000109ec     0x1d75 Drivers/STM32F0xx_HAL_Driver/Src/stm32f0xx_hal_tim_ex.o
 .debug_info    0x00012761       0xb8 Src/font.o
 .debug_info    0x00012819      0xeef Src/gpio.o
 .debug_info    0x00013708     0x147a Src/i2c.o
 .debug_info    0x00014b82     0x13b0 Src/io_routines.o
 .debug_info    0x00015f32     0x15a8 Src/lcd.o
 .debug_info    0x000174da     0x1a3b Src/main.o
 .debug_info    0x00018f15     0x1544 Src/rtc.o
 .debug_info    0x0001a459     0x13b0 Src/spi.o
 .debug_info    0x0001b809      0xe07 Src/stm32f0xx_hal_msp.o
 .debug_info    0x0001c610     0x11c3 Src/stm32f0xx_it.o
 .debug_info    0x0001d7d3      0xd60 Src/system_stm32f0xx.o
 .debug_info    0x0001e533     0x1524 Src/text.o
 .debug_info    0x0001fa57     0x1302 Src/tim.o
 .debug_info    0x00020d59       0x7b startup/startup_stm32f030x6.o

.debug_abbrev   0x00000000     0x3d4d
 .debug_abbrev  0x00000000      0x311 Drivers/STM32F0xx_HAL_Driver/Src/stm32f0xx_hal.o
 .debug_abbrev  0x00000311      0x354 Drivers/STM32F0xx_HAL_Driver/Src/stm32f0xx_hal_cortex.o
 .debug_abbrev  0x00000665      0x2d3 Drivers/STM32F0xx_HAL_Driver/Src/stm32f0xx_hal_gpio.o
 .debug_abbrev  0x00000938      0x30b Drivers/STM32F0xx_HAL_Driver/Src/stm32f0xx_hal_i2c.o
 .debug_abbrev  0x00000c43      0x292 Drivers/STM32F0xx_HAL_Driver/Src/stm32f0xx_hal_i2c_ex.o
 .debug_abbrev  0x00000ed5      0x316 Drivers/STM32F0xx_HAL_Driver/Src/stm32f0xx_hal_rcc.o
 .debug_abbrev  0x000011eb      0x2d1 Drivers/STM32F0xx_HAL_Driver/Src/stm32f0xx_hal_rcc_ex.o
 .debug_abbrev  0x000014bc      0x341 Drivers/STM32F0xx_HAL_Driver/Src/stm32f0xx_hal_spi.o
 .debug_abbrev  0x000017fd      0x30a Drivers/STM32F0xx_HAL_Driver/Src/stm32f0xx_hal_tim.o
 .debug_abbrev  0x00001b07      0x30a Drivers/STM32F0xx_HAL_Driver/Src/stm32f0xx_hal_tim_ex.o
 .debug_abbrev  0x00001e11       0x72 Src/font.o
 .debug_abbrev  0x00001e83      0x257 Src/gpio.o
 .debug_abbrev  0x000020da      0x284 Src/i2c.o
 .debug_abbrev  0x0000235e      0x284 Src/io_routines.o
 .debug_abbrev  0x000025e2      0x2b0 Src/lcd.o
 .debug_abbrev  0x00002892      0x2ce Src/main.o
 .debug_abbrev  0x00002b60      0x2ec Src/rtc.o
 .debug_abbrev  0x00002e4c      0x284 Src/spi.o
 .debug_abbrev  0x000030d0      0x260 Src/stm32f0xx_hal_msp.o
 .debug_abbrev  0x00003330      0x280 Src/stm32f0xx_it.o
 .debug_abbrev  0x000035b0      0x233 Src/system_stm32f0xx.o
 .debug_abbrev  0x000037e3      0x2be Src/text.o
 .debug_abbrev  0x00003aa1      0x29a Src/tim.o
 .debug_abbrev  0x00003d3b       0x12 startup/startup_stm32f030x6.o

.debug_loc      0x00000000     0xb894
 .debug_loc     0x00000000       0x7c Drivers/STM32F0xx_HAL_Driver/Src/stm32f0xx_hal.o
 .debug_loc     0x0000007c      0x393 Drivers/STM32F0xx_HAL_Driver/Src/stm32f0xx_hal_cortex.o
 .debug_loc     0x0000040f      0x2b2 Drivers/STM32F0xx_HAL_Driver/Src/stm32f0xx_hal_gpio.o
 .debug_loc     0x000006c1     0x39fd Drivers/STM32F0xx_HAL_Driver/Src/stm32f0xx_hal_i2c.o
 .debug_loc     0x000040be      0x19f Drivers/STM32F0xx_HAL_Driver/Src/stm32f0xx_hal_i2c_ex.o
 .debug_loc     0x0000425d      0x421 Drivers/STM32F0xx_HAL_Driver/Src/stm32f0xx_hal_rcc.o
 .debug_loc     0x0000467e      0x342 Drivers/STM32F0xx_HAL_Driver/Src/stm32f0xx_hal_rcc_ex.o
 .debug_loc     0x000049c0     0x1d6a Drivers/STM32F0xx_HAL_Driver/Src/stm32f0xx_hal_spi.o
 .debug_loc     0x0000672a     0x381e Drivers/STM32F0xx_HAL_Driver/Src/stm32f0xx_hal_tim.o
 .debug_loc     0x00009f48     0x110a Drivers/STM32F0xx_HAL_Driver/Src/stm32f0xx_hal_tim_ex.o
 .debug_loc     0x0000b052       0x74 Src/i2c.o
 .debug_loc     0x0000b0c6       0xa6 Src/io_routines.o
 .debug_loc     0x0000b16c      0x1ee Src/lcd.o
 .debug_loc     0x0000b35a      0x153 Src/rtc.o
 .debug_loc     0x0000b4ad       0x74 Src/spi.o
 .debug_loc     0x0000b521      0x10e Src/system_stm32f0xx.o
 .debug_loc     0x0000b62f      0x1f1 Src/text.o
 .debug_loc     0x0000b820       0x74 Src/tim.o

.debug_aranges  0x00000000      0xe78
 .debug_aranges
                0x00000000       0xb8 Drivers/STM32F0xx_HAL_Driver/Src/stm32f0xx_hal.o
 .debug_aranges
                0x000000b8       0x78 Drivers/STM32F0xx_HAL_Driver/Src/stm32f0xx_hal_cortex.o
 .debug_aranges
                0x00000130       0x58 Drivers/STM32F0xx_HAL_Driver/Src/stm32f0xx_hal_gpio.o
 .debug_aranges
                0x00000188      0x260 Drivers/STM32F0xx_HAL_Driver/Src/stm32f0xx_hal_i2c.o
 .debug_aranges
                0x000003e8       0x38 Drivers/STM32F0xx_HAL_Driver/Src/stm32f0xx_hal_i2c_ex.o
 .debug_aranges
                0x00000420       0x80 Drivers/STM32F0xx_HAL_Driver/Src/stm32f0xx_hal_rcc.o
 .debug_aranges
                0x000004a0       0x30 Drivers/STM32F0xx_HAL_Driver/Src/stm32f0xx_hal_rcc_ex.o
 .debug_aranges
                0x000004d0      0x1d8 Drivers/STM32F0xx_HAL_Driver/Src/stm32f0xx_hal_spi.o
 .debug_aranges
                0x000006a8      0x378 Drivers/STM32F0xx_HAL_Driver/Src/stm32f0xx_hal_tim.o
 .debug_aranges
                0x00000a20      0x140 Drivers/STM32F0xx_HAL_Driver/Src/stm32f0xx_hal_tim_ex.o
 .debug_aranges
                0x00000b60       0x18 Src/font.o
 .debug_aranges
                0x00000b78       0x20 Src/gpio.o
 .debug_aranges
                0x00000b98       0x30 Src/i2c.o
 .debug_aranges
                0x00000bc8       0x50 Src/io_routines.o
 .debug_aranges
                0x00000c18       0x58 Src/lcd.o
 .debug_aranges
                0x00000c70       0x38 Src/main.o
 .debug_aranges
                0x00000ca8       0x68 Src/rtc.o
 .debug_aranges
                0x00000d10       0x30 Src/spi.o
 .debug_aranges
                0x00000d40       0x20 Src/stm32f0xx_hal_msp.o
 .debug_aranges
                0x00000d60       0x58 Src/stm32f0xx_it.o
 .debug_aranges
                0x00000db8       0x28 Src/system_stm32f0xx.o
 .debug_aranges
                0x00000de0       0x40 Src/text.o
 .debug_aranges
                0x00000e20       0x30 Src/tim.o
 .debug_aranges
                0x00000e50       0x28 startup/startup_stm32f030x6.o

.debug_ranges   0x00000000      0xd88
 .debug_ranges  0x00000000       0xa8 Drivers/STM32F0xx_HAL_Driver/Src/stm32f0xx_hal.o
 .debug_ranges  0x000000a8       0xb0 Drivers/STM32F0xx_HAL_Driver/Src/stm32f0xx_hal_cortex.o
 .debug_ranges  0x00000158       0x48 Drivers/STM32F0xx_HAL_Driver/Src/stm32f0xx_hal_gpio.o
 .debug_ranges  0x000001a0      0x250 Drivers/STM32F0xx_HAL_Driver/Src/stm32f0xx_hal_i2c.o
 .debug_ranges  0x000003f0       0x28 Drivers/STM32F0xx_HAL_Driver/Src/stm32f0xx_hal_i2c_ex.o
 .debug_ranges  0x00000418       0x88 Drivers/STM32F0xx_HAL_Driver/Src/stm32f0xx_hal_rcc.o
 .debug_ranges  0x000004a0       0x38 Drivers/STM32F0xx_HAL_Driver/Src/stm32f0xx_hal_rcc_ex.o
 .debug_ranges  0x000004d8      0x1c8 Drivers/STM32F0xx_HAL_Driver/Src/stm32f0xx_hal_spi.o
 .debug_ranges  0x000006a0      0x368 Drivers/STM32F0xx_HAL_Driver/Src/stm32f0xx_hal_tim.o
 .debug_ranges  0x00000a08      0x130 Drivers/STM32F0xx_HAL_Driver/Src/stm32f0xx_hal_tim_ex.o
 .debug_ranges  0x00000b38       0x10 Src/gpio.o
 .debug_ranges  0x00000b48       0x20 Src/i2c.o
 .debug_ranges  0x00000b68       0x40 Src/io_routines.o
 .debug_ranges  0x00000ba8       0x60 Src/lcd.o
 .debug_ranges  0x00000c08       0x28 Src/main.o
 .debug_ranges  0x00000c30       0x58 Src/rtc.o
 .debug_ranges  0x00000c88       0x20 Src/spi.o
 .debug_ranges  0x00000ca8       0x10 Src/stm32f0xx_hal_msp.o
 .debug_ranges  0x00000cb8       0x48 Src/stm32f0xx_it.o
 .debug_ranges  0x00000d00       0x18 Src/system_stm32f0xx.o
 .debug_ranges  0x00000d18       0x30 Src/text.o
 .debug_ranges  0x00000d48       0x20 Src/tim.o
 .debug_ranges  0x00000d68       0x20 startup/startup_stm32f030x6.o

.debug_macro    0x00000000     0xf5f4
 .debug_macro   0x00000000      0x345 Drivers/STM32F0xx_HAL_Driver/Src/stm32f0xx_hal.o
 .debug_macro   0x00000345      0x8b0 Drivers/STM32F0xx_HAL_Driver/Src/stm32f0xx_hal.o
 .debug_macro   0x00000bf5       0x22 Drivers/STM32F0xx_HAL_Driver/Src/stm32f0xx_hal.o
 .debug_macro   0x00000c17       0x4f Drivers/STM32F0xx_HAL_Driver/Src/stm32f0xx_hal.o
 .debug_macro   0x00000c66       0x51 Drivers/STM32F0xx_HAL_Driver/Src/stm32f0xx_hal.o
 .debug_macro   0x00000cb7       0xef Drivers/STM32F0xx_HAL_Driver/Src/stm32f0xx_hal.o
 .debug_macro   0x00000da6       0x6a Drivers/STM32F0xx_HAL_Driver/Src/stm32f0xx_hal.o
 .debug_macro   0x00000e10      0x1df Drivers/STM32F0xx_HAL_Driver/Src/stm32f0xx_hal.o
 .debug_macro   0x00000fef       0x58 Drivers/STM32F0xx_HAL_Driver/Src/stm32f0xx_hal.o
 .debug_macro   0x00001047       0x35 Drivers/STM32F0xx_HAL_Driver/Src/stm32f0xx_hal.o
 .debug_macro   0x0000107c       0x9c Drivers/STM32F0xx_HAL_Driver/Src/stm32f0xx_hal.o
 .debug_macro   0x00001118      0x174 Drivers/STM32F0xx_HAL_Driver/Src/stm32f0xx_hal.o
 .debug_macro   0x0000128c       0x58 Drivers/STM32F0xx_HAL_Driver/Src/stm32f0xx_hal.o
 .debug_macro   0x000012e4       0x1f Drivers/STM32F0xx_HAL_Driver/Src/stm32f0xx_hal.o
 .debug_macro   0x00001303       0x43 Drivers/STM32F0xx_HAL_Driver/Src/stm32f0xx_hal.o
 .debug_macro   0x00001346       0x20 Drivers/STM32F0xx_HAL_Driver/Src/stm32f0xx_hal.o
 .debug_macro   0x00001366      0x187 Drivers/STM32F0xx_HAL_Driver/Src/stm32f0xx_hal.o
 .debug_macro   0x000014ed      0x330 Drivers/STM32F0xx_HAL_Driver/Src/stm32f0xx_hal.o
 .debug_macro   0x0000181d       0x10 Drivers/STM32F0xx_HAL_Driver/Src/stm32f0xx_hal.o
 .debug_macro   0x0000182d       0x35 Drivers/STM32F0xx_HAL_Driver/Src/stm32f0xx_hal.o
 .debug_macro   0x00001862       0x28 Drivers/STM32F0xx_HAL_Driver/Src/stm32f0xx_hal.o
 .debug_macro   0x0000188a       0x1c Drivers/STM32F0xx_HAL_Driver/Src/stm32f0xx_hal.o
 .debug_macro   0x000018a6       0x10 Drivers/STM32F0xx_HAL_Driver/Src/stm32f0xx_hal.o
 .debug_macro   0x000018b6       0x10 Drivers/STM32F0xx_HAL_Driver/Src/stm32f0xx_hal.o
 .debug_macro   0x000018c6       0xb6 Drivers/STM32F0xx_HAL_Driver/Src/stm32f0xx_hal.o
 .debug_macro   0x0000197c       0x16 Drivers/STM32F0xx_HAL_Driver/Src/stm32f0xx_hal.o
 .debug_macro   0x00001992      0x145 Drivers/STM32F0xx_HAL_Driver/Src/stm32f0xx_hal.o
 .debug_macro   0x00001ad7       0x16 Drivers/STM32F0xx_HAL_Driver/Src/stm32f0xx_hal.o
 .debug_macro   0x00001aed       0x22 Drivers/STM32F0xx_HAL_Driver/Src/stm32f0xx_hal.o
 .debug_macro   0x00001b0f       0x82 Drivers/STM32F0xx_HAL_Driver/Src/stm32f0xx_hal.o
 .debug_macro   0x00001b91       0xab Drivers/STM32F0xx_HAL_Driver/Src/stm32f0xx_hal.o
 .debug_macro   0x00001c3c       0x2e Drivers/STM32F0xx_HAL_Driver/Src/stm32f0xx_hal.o
 .debug_macro   0x00001c6a       0x22 Drivers/STM32F0xx_HAL_Driver/Src/stm32f0xx_hal.o
 .debug_macro   0x00001c8c       0x3a Drivers/STM32F0xx_HAL_Driver/Src/stm32f0xx_hal.o
 .debug_macro   0x00001cc6       0x26 Drivers/STM32F0xx_HAL_Driver/Src/stm32f0xx_hal.o
 .debug_macro   0x00001cec      0x30d Drivers/STM32F0xx_HAL_Driver/Src/stm32f0xx_hal.o
 .debug_macro   0x00001ff9     0x6ed0 Drivers/STM32F0xx_HAL_Driver/Src/stm32f0xx_hal.o
 .debug_macro   0x00008ec9       0x3c Drivers/STM32F0xx_HAL_Driver/Src/stm32f0xx_hal.o
 .debug_macro   0x00008f05       0x49 Drivers/STM32F0xx_HAL_Driver/Src/stm32f0xx_hal.o
 .debug_macro   0x00008f4e      0x92f Drivers/STM32F0xx_HAL_Driver/Src/stm32f0xx_hal.o
 .debug_macro   0x0000987d       0xe5 Drivers/STM32F0xx_HAL_Driver/Src/stm32f0xx_hal.o
 .debug_macro   0x00009962      0x13a Drivers/STM32F0xx_HAL_Driver/Src/stm32f0xx_hal.o
 .debug_macro   0x00009a9c       0xb3 Drivers/STM32F0xx_HAL_Driver/Src/stm32f0xx_hal.o
 .debug_macro   0x00009b4f      0x1ed Drivers/STM32F0xx_HAL_Driver/Src/stm32f0xx_hal.o
 .debug_macro   0x00009d3c       0x34 Drivers/STM32F0xx_HAL_Driver/Src/stm32f0xx_hal.o
 .debug_macro   0x00009d70       0x43 Drivers/STM32F0xx_HAL_Driver/Src/stm32f0xx_hal.o
 .debug_macro   0x00009db3       0x28 Drivers/STM32F0xx_HAL_Driver/Src/stm32f0xx_hal.o
 .debug_macro   0x00009ddb       0xb6 Drivers/STM32F0xx_HAL_Driver/Src/stm32f0xx_hal.o
 .debug_macro   0x00009e91      0x15a Drivers/STM32F0xx_HAL_Driver/Src/stm32f0xx_hal.o
 .debug_macro   0x00009feb      0x202 Drivers/STM32F0xx_HAL_Driver/Src/stm32f0xx_hal.o
 .debug_macro   0x0000a1ed       0x61 Drivers/STM32F0xx_HAL_Driver/Src/stm32f0xx_hal.o
 .debug_macro   0x0000a24e       0x90 Drivers/STM32F0xx_HAL_Driver/Src/stm32f0xx_hal.o
 .debug_macro   0x0000a2de       0x4d Drivers/STM32F0xx_HAL_Driver/Src/stm32f0xx_hal.o
 .debug_macro   0x0000a32b       0x2d Drivers/STM32F0xx_HAL_Driver/Src/stm32f0xx_hal.o
 .debug_macro   0x0000a358      0x2f0 Drivers/STM32F0xx_HAL_Driver/Src/stm32f0xx_hal.o
 .debug_macro   0x0000a648      0x845 Drivers/STM32F0xx_HAL_Driver/Src/stm32f0xx_hal.o
 .debug_macro   0x0000ae8d       0x45 Drivers/STM32F0xx_HAL_Driver/Src/stm32f0xx_hal.o
 .debug_macro   0x0000aed2       0xea Drivers/STM32F0xx_HAL_Driver/Src/stm32f0xx_hal.o
 .debug_macro   0x0000afbc      0x321 Drivers/STM32F0xx_HAL_Driver/Src/stm32f0xx_hal_cortex.o
 .debug_macro   0x0000b2dd      0x359 Drivers/STM32F0xx_HAL_Driver/Src/stm32f0xx_hal_gpio.o
 .debug_macro   0x0000b636      0x3ed Drivers/STM32F0xx_HAL_Driver/Src/stm32f0xx_hal_i2c.o
 .debug_macro   0x0000ba23      0x321 Drivers/STM32F0xx_HAL_Driver/Src/stm32f0xx_hal_i2c_ex.o
 .debug_macro   0x0000bd44      0x333 Drivers/STM32F0xx_HAL_Driver/Src/stm32f0xx_hal_rcc.o
 .debug_macro   0x0000c077      0x321 Drivers/STM32F0xx_HAL_Driver/Src/stm32f0xx_hal_rcc_ex.o
 .debug_macro   0x0000c398      0x329 Drivers/STM32F0xx_HAL_Driver/Src/stm32f0xx_hal_spi.o
 .debug_macro   0x0000c6c1      0x321 Drivers/STM32F0xx_HAL_Driver/Src/stm32f0xx_hal_tim.o
 .debug_macro   0x0000c9e2      0x321 Drivers/STM32F0xx_HAL_Driver/Src/stm32f0xx_hal_tim_ex.o
 .debug_macro   0x0000cd03       0x6d Src/font.o
 .debug_macro   0x0000cd70      0x32b Src/gpio.o
 .debug_macro   0x0000d09b      0x335 Src/i2c.o
 .debug_macro   0x0000d3d0      0x32b Src/io_routines.o
 .debug_macro   0x0000d6fb      0x37f Src/lcd.o
 .debug_macro   0x0000da7a       0x16 Src/lcd.o
 .debug_macro   0x0000da90       0x97 Src/lcd.o
 .debug_macro   0x0000db27       0xfd Src/lcd.o
 .debug_macro   0x0000dc24       0x16 Src/lcd.o
 .debug_macro   0x0000dc3a      0x35a Src/main.o
 .debug_macro   0x0000df94       0x34 Src/main.o
 .debug_macro   0x0000dfc8      0x32b Src/rtc.o
 .debug_macro   0x0000e2f3      0x335 Src/spi.o
 .debug_macro   0x0000e628      0x321 Src/stm32f0xx_hal_msp.o
 .debug_macro   0x0000e949      0x32b Src/stm32f0xx_it.o
 .debug_macro   0x0000ec74      0x32c Src/system_stm32f0xx.o
 .debug_macro   0x0000efa0      0x329 Src/text.o
 .debug_macro   0x0000f2c9      0x32b Src/tim.o

.debug_line     0x00000000     0xf1d5
 .debug_line    0x00000000      0x954 Drivers/STM32F0xx_HAL_Driver/Src/stm32f0xx_hal.o
 .debug_line    0x00000954      0x94d Drivers/STM32F0xx_HAL_Driver/Src/stm32f0xx_hal_cortex.o
 .debug_line    0x000012a1      0x936 Drivers/STM32F0xx_HAL_Driver/Src/stm32f0xx_hal_gpio.o
 .debug_line    0x00001bd7     0x195f Drivers/STM32F0xx_HAL_Driver/Src/stm32f0xx_hal_i2c.o
 .debug_line    0x00003536      0x8a9 Drivers/STM32F0xx_HAL_Driver/Src/stm32f0xx_hal_i2c_ex.o
 .debug_line    0x00003ddf      0xa58 Drivers/STM32F0xx_HAL_Driver/Src/stm32f0xx_hal_rcc.o
 .debug_line    0x00004837      0x8bb Drivers/STM32F0xx_HAL_Driver/Src/stm32f0xx_hal_rcc_ex.o
 .debug_line    0x000050f2     0x132e Drivers/STM32F0xx_HAL_Driver/Src/stm32f0xx_hal_spi.o
 .debug_line    0x00006420     0x196e Drivers/STM32F0xx_HAL_Driver/Src/stm32f0xx_hal_tim.o
 .debug_line    0x00007d8e      0xda6 Drivers/STM32F0xx_HAL_Driver/Src/stm32f0xx_hal_tim_ex.o
 .debug_line    0x00008b34      0x353 Src/font.o
 .debug_line    0x00008e87      0x7e4 Src/gpio.o
 .debug_line    0x0000966b      0x823 Src/i2c.o
 .debug_line    0x00009e8e      0x870 Src/io_routines.o
 .debug_line    0x0000a6fe      0x888 Src/lcd.o
 .debug_line    0x0000af86      0x87f Src/main.o
 .debug_line    0x0000b805      0x87d Src/rtc.o
 .debug_line    0x0000c082      0x822 Src/spi.o
 .debug_line    0x0000c8a4      0x7d9 Src/stm32f0xx_hal_msp.o
 .debug_line    0x0000d07d      0x85f Src/stm32f0xx_it.o
 .debug_line    0x0000d8dc      0x80d Src/system_stm32f0xx.o
 .debug_line    0x0000e0e9      0x861 Src/text.o
 .debug_line    0x0000e94a      0x808 Src/tim.o
 .debug_line    0x0000f152       0x83 startup/startup_stm32f030x6.o

.debug_str      0x00000000    0x46af2
 .debug_str     0x00000000    0x42baa Drivers/STM32F0xx_HAL_Driver/Src/stm32f0xx_hal.o
                              0x42e9a (size before relaxing)
 .debug_str     0x00042baa      0x1f8 Drivers/STM32F0xx_HAL_Driver/Src/stm32f0xx_hal_cortex.o
                              0x42d48 (size before relaxing)
 .debug_str     0x00042da2      0x299 Drivers/STM32F0xx_HAL_Driver/Src/stm32f0xx_hal_gpio.o
                              0x42c6f (size before relaxing)
 .debug_str     0x0004303b     0x11b1 Drivers/STM32F0xx_HAL_Driver/Src/stm32f0xx_hal_i2c.o
                              0x43bbd (size before relaxing)
 .debug_str     0x000441ec       0xc4 Drivers/STM32F0xx_HAL_Driver/Src/stm32f0xx_hal_i2c_ex.o
                              0x42f3c (size before relaxing)
 .debug_str     0x000442b0      0x326 Drivers/STM32F0xx_HAL_Driver/Src/stm32f0xx_hal_rcc.o
                              0x42dd3 (size before relaxing)
 .debug_str     0x000445d6      0x127 Drivers/STM32F0xx_HAL_Driver/Src/stm32f0xx_hal_rcc_ex.o
                              0x42b42 (size before relaxing)
 .debug_str     0x000446fd      0x732 Drivers/STM32F0xx_HAL_Driver/Src/stm32f0xx_hal_spi.o
                              0x43302 (size before relaxing)
 .debug_str     0x00044e2f      0xf59 Drivers/STM32F0xx_HAL_Driver/Src/stm32f0xx_hal_tim.o
                              0x43b1d (size before relaxing)
 .debug_str     0x00045d88      0x50d Drivers/STM32F0xx_HAL_Driver/Src/stm32f0xx_hal_tim_ex.o
                              0x4338f (size before relaxing)
 .debug_str     0x00046295        0xe Src/font.o
                               0x33a8 (size before relaxing)
 .debug_str     0x000462a3       0x35 Src/gpio.o
                              0x42a57 (size before relaxing)
 .debug_str     0x000462d8       0x42 Src/i2c.o
                              0x42f6f (size before relaxing)
 .debug_str     0x0004631a      0x133 Src/io_routines.o
                              0x42eb2 (size before relaxing)
 .debug_str     0x0004644d      0x2ef Src/lcd.o
                              0x43070 (size before relaxing)
 .debug_str     0x0004673c       0xa0 Src/main.o
                              0x436bf (size before relaxing)
 .debug_str     0x000467dc      0x155 Src/rtc.o
                              0x42fbf (size before relaxing)
 .debug_str     0x00046931       0x17 Src/spi.o
                              0x42e78 (size before relaxing)
 .debug_str     0x00046948       0x1b Src/stm32f0xx_hal_msp.o
                              0x42afd (size before relaxing)
 .debug_str     0x00046963       0xa8 Src/stm32f0xx_it.o
                              0x42ddf (size before relaxing)
 .debug_str     0x00046a0b       0x5a Src/system_stm32f0xx.o
                              0x429c8 (size before relaxing)
 .debug_str     0x00046a65       0x71 Src/text.o
                              0x42a43 (size before relaxing)
 .debug_str     0x00046ad6       0x1c Src/tim.o
                              0x42f34 (size before relaxing)

.comment        0x00000000       0x7f
 .comment       0x00000000       0x7f Drivers/STM32F0xx_HAL_Driver/Src/stm32f0xx_hal.o
                                 0x80 (size before relaxing)
 .comment       0x0000007f       0x80 Drivers/STM32F0xx_HAL_Driver/Src/stm32f0xx_hal_cortex.o
 .comment       0x0000007f       0x80 Drivers/STM32F0xx_HAL_Driver/Src/stm32f0xx_hal_gpio.o
 .comment       0x0000007f       0x80 Drivers/STM32F0xx_HAL_Driver/Src/stm32f0xx_hal_i2c.o
 .comment       0x0000007f       0x80 Drivers/STM32F0xx_HAL_Driver/Src/stm32f0xx_hal_i2c_ex.o
 .comment       0x0000007f       0x80 Drivers/STM32F0xx_HAL_Driver/Src/stm32f0xx_hal_rcc.o
 .comment       0x0000007f       0x80 Drivers/STM32F0xx_HAL_Driver/Src/stm32f0xx_hal_rcc_ex.o
 .comment       0x0000007f       0x80 Drivers/STM32F0xx_HAL_Driver/Src/stm32f0xx_hal_spi.o
 .comment       0x0000007f       0x80 Drivers/STM32F0xx_HAL_Driver/Src/stm32f0xx_hal_tim.o
 .comment       0x0000007f       0x80 Drivers/STM32F0xx_HAL_Driver/Src/stm32f0xx_hal_tim_ex.o
 .comment       0x0000007f       0x80 Src/font.o
 .comment       0x0000007f       0x80 Src/gpio.o
 .comment       0x0000007f       0x80 Src/i2c.o
 .comment       0x0000007f       0x80 Src/io_routines.o
 .comment       0x0000007f       0x80 Src/lcd.o
 .comment       0x0000007f       0x80 Src/main.o
 .comment       0x0000007f       0x80 Src/rtc.o
 .comment       0x0000007f       0x80 Src/spi.o
 .comment       0x0000007f       0x80 Src/stm32f0xx_hal_msp.o
 .comment       0x0000007f       0x80 Src/stm32f0xx_it.o
 .comment       0x0000007f       0x80 Src/system_stm32f0xx.o
 .comment       0x0000007f       0x80 Src/text.o
 .comment       0x0000007f       0x80 Src/tim.o

.debug_frame    0x00000000     0x26bc
 .debug_frame   0x00000000      0x174 Drivers/STM32F0xx_HAL_Driver/Src/stm32f0xx_hal.o
 .debug_frame   0x00000174       0xe4 Drivers/STM32F0xx_HAL_Driver/Src/stm32f0xx_hal_cortex.o
 .debug_frame   0x00000258       0xcc Drivers/STM32F0xx_HAL_Driver/Src/stm32f0xx_hal_gpio.o
 .debug_frame   0x00000324      0x784 Drivers/STM32F0xx_HAL_Driver/Src/stm32f0xx_hal_i2c.o
 .debug_frame   0x00000aa8       0x78 Drivers/STM32F0xx_HAL_Driver/Src/stm32f0xx_hal_i2c_ex.o
 .debug_frame   0x00000b20      0x130 Drivers/STM32F0xx_HAL_Driver/Src/stm32f0xx_hal_rcc.o
 .debug_frame   0x00000c50       0x58 Drivers/STM32F0xx_HAL_Driver/Src/stm32f0xx_hal_rcc_ex.o
 .debug_frame   0x00000ca8      0x578 Drivers/STM32F0xx_HAL_Driver/Src/stm32f0xx_hal_spi.o
 .debug_frame   0x00001220      0x9cc Drivers/STM32F0xx_HAL_Driver/Src/stm32f0xx_hal_tim.o
 .debug_frame   0x00001bec      0x384 Drivers/STM32F0xx_HAL_Driver/Src/stm32f0xx_hal_tim_ex.o
 .debug_frame   0x00001f70       0x30 Src/gpio.o
 .debug_frame   0x00001fa0       0x58 Src/i2c.o
 .debug_frame   0x00001ff8       0xb8 Src/io_routines.o
 .debug_frame   0x000020b0       0xe0 Src/lcd.o
 .debug_frame   0x00002190       0x68 Src/main.o
 .debug_frame   0x000021f8      0x118 Src/rtc.o
 .debug_frame   0x00002310       0x58 Src/spi.o
 .debug_frame   0x00002368       0x28 Src/stm32f0xx_hal_msp.o
 .debug_frame   0x00002390       0xb0 Src/stm32f0xx_it.o
 .debug_frame   0x00002440       0x38 Src/system_stm32f0xx.o
 .debug_frame   0x00002478       0xac Src/text.o
 .debug_frame   0x00002524       0x54 Src/tim.o
 .debug_frame   0x00002578       0x20 d:/zainstalowane/programy/stm32_develop/eclipse/plugins/fr.ac6.mcu.externaltools.arm-none.win32_1.15.0.201708311556/tools/compiler/bin/../lib/gcc/arm-none-eabi/6.3.1/thumb/v6-m\libgcc.a(_udivsi3.o)
 .debug_frame   0x00002598       0x2c d:/zainstalowane/programy/stm32_develop/eclipse/plugins/fr.ac6.mcu.externaltools.arm-none.win32_1.15.0.201708311556/tools/compiler/bin/../lib/gcc/arm-none-eabi/6.3.1/../../../../arm-none-eabi/lib/thumb/v6-m\libc_nano.a(lib_a-init.o)
 .debug_frame   0x000025c4       0x40 d:/zainstalowane/programy/stm32_develop/eclipse/plugins/fr.ac6.mcu.externaltools.arm-none.win32_1.15.0.201708311556/tools/compiler/bin/../lib/gcc/arm-none-eabi/6.3.1/../../../../arm-none-eabi/lib/thumb/v6-m\libc_nano.a(lib_a-itoa.o)
 .debug_frame   0x00002604       0x28 d:/zainstalowane/programy/stm32_develop/eclipse/plugins/fr.ac6.mcu.externaltools.arm-none.win32_1.15.0.201708311556/tools/compiler/bin/../lib/gcc/arm-none-eabi/6.3.1/../../../../arm-none-eabi/lib/thumb/v6-m\libc_nano.a(lib_a-memcpy-stub.o)
 .debug_frame   0x0000262c       0x20 d:/zainstalowane/programy/stm32_develop/eclipse/plugins/fr.ac6.mcu.externaltools.arm-none.win32_1.15.0.201708311556/tools/compiler/bin/../lib/gcc/arm-none-eabi/6.3.1/../../../../arm-none-eabi/lib/thumb/v6-m\libc_nano.a(lib_a-memset.o)
 .debug_frame   0x0000264c       0x28 d:/zainstalowane/programy/stm32_develop/eclipse/plugins/fr.ac6.mcu.externaltools.arm-none.win32_1.15.0.201708311556/tools/compiler/bin/../lib/gcc/arm-none-eabi/6.3.1/../../../../arm-none-eabi/lib/thumb/v6-m\libc_nano.a(lib_a-strcat.o)
 .debug_frame   0x00002674       0x48 d:/zainstalowane/programy/stm32_develop/eclipse/plugins/fr.ac6.mcu.externaltools.arm-none.win32_1.15.0.201708311556/tools/compiler/bin/../lib/gcc/arm-none-eabi/6.3.1/../../../../arm-none-eabi/lib/thumb/v6-m\libc_nano.a(lib_a-utoa.o)
