Archive member included to satisfy reference by file (symbol)

d:/zainstalowane/programy/stm32_develop/eclipse/plugins/fr.ac6.mcu.externaltools.arm-none.win32_1.15.0.201708311556/tools/compiler/bin/../lib/gcc/arm-none-eabi/6.3.1/thumb/v6-m\libgcc.a(_udivsi3.o)
                              Drivers/STM32F0xx_HAL_Driver/Src/stm32f0xx_hal.o (__aeabi_uidiv)
d:/zainstalowane/programy/stm32_develop/eclipse/plugins/fr.ac6.mcu.externaltools.arm-none.win32_1.15.0.201708311556/tools/compiler/bin/../lib/gcc/arm-none-eabi/6.3.1/thumb/v6-m\libgcc.a(_dvmd_tls.o)
                              d:/zainstalowane/programy/stm32_develop/eclipse/plugins/fr.ac6.mcu.externaltools.arm-none.win32_1.15.0.201708311556/tools/compiler/bin/../lib/gcc/arm-none-eabi/6.3.1/thumb/v6-m\libgcc.a(_udivsi3.o) (__aeabi_idiv0)
d:/zainstalowane/programy/stm32_develop/eclipse/plugins/fr.ac6.mcu.externaltools.arm-none.win32_1.15.0.201708311556/tools/compiler/bin/../lib/gcc/arm-none-eabi/6.3.1/../../../../arm-none-eabi/lib/thumb/v6-m\libc_nano.a(lib_a-exit.o)
                              d:/zainstalowane/programy/stm32_develop/eclipse/plugins/fr.ac6.mcu.externaltools.arm-none.win32_1.15.0.201708311556/tools/compiler/bin/../lib/gcc/arm-none-eabi/6.3.1/../../../../arm-none-eabi/lib/thumb/v6-m/crt0.o (exit)
d:/zainstalowane/programy/stm32_develop/eclipse/plugins/fr.ac6.mcu.externaltools.arm-none.win32_1.15.0.201708311556/tools/compiler/bin/../lib/gcc/arm-none-eabi/6.3.1/../../../../arm-none-eabi/lib/thumb/v6-m\libc_nano.a(lib_a-impure.o)
                              d:/zainstalowane/programy/stm32_develop/eclipse/plugins/fr.ac6.mcu.externaltools.arm-none.win32_1.15.0.201708311556/tools/compiler/bin/../lib/gcc/arm-none-eabi/6.3.1/../../../../arm-none-eabi/lib/thumb/v6-m\libc_nano.a(lib_a-exit.o) (_global_impure_ptr)
d:/zainstalowane/programy/stm32_develop/eclipse/plugins/fr.ac6.mcu.externaltools.arm-none.win32_1.15.0.201708311556/tools/compiler/bin/../lib/gcc/arm-none-eabi/6.3.1/../../../../arm-none-eabi/lib/thumb/v6-m\libc_nano.a(lib_a-init.o)
                              d:/zainstalowane/programy/stm32_develop/eclipse/plugins/fr.ac6.mcu.externaltools.arm-none.win32_1.15.0.201708311556/tools/compiler/bin/../lib/gcc/arm-none-eabi/6.3.1/../../../../arm-none-eabi/lib/thumb/v6-m/crt0.o (__libc_init_array)
d:/zainstalowane/programy/stm32_develop/eclipse/plugins/fr.ac6.mcu.externaltools.arm-none.win32_1.15.0.201708311556/tools/compiler/bin/../lib/gcc/arm-none-eabi/6.3.1/../../../../arm-none-eabi/lib/thumb/v6-m\libc_nano.a(lib_a-itoa.o)
                              Src/text.o (itoa)
d:/zainstalowane/programy/stm32_develop/eclipse/plugins/fr.ac6.mcu.externaltools.arm-none.win32_1.15.0.201708311556/tools/compiler/bin/../lib/gcc/arm-none-eabi/6.3.1/../../../../arm-none-eabi/lib/thumb/v6-m\libc_nano.a(lib_a-memcpy-stub.o)
                              Src/lcd.o (memcpy)
d:/zainstalowane/programy/stm32_develop/eclipse/plugins/fr.ac6.mcu.externaltools.arm-none.win32_1.15.0.201708311556/tools/compiler/bin/../lib/gcc/arm-none-eabi/6.3.1/../../../../arm-none-eabi/lib/thumb/v6-m\libc_nano.a(lib_a-memset.o)
                              d:/zainstalowane/programy/stm32_develop/eclipse/plugins/fr.ac6.mcu.externaltools.arm-none.win32_1.15.0.201708311556/tools/compiler/bin/../lib/gcc/arm-none-eabi/6.3.1/../../../../arm-none-eabi/lib/thumb/v6-m/crt0.o (memset)
d:/zainstalowane/programy/stm32_develop/eclipse/plugins/fr.ac6.mcu.externaltools.arm-none.win32_1.15.0.201708311556/tools/compiler/bin/../lib/gcc/arm-none-eabi/6.3.1/../../../../arm-none-eabi/lib/thumb/v6-m\libc_nano.a(lib_a-strcat.o)
                              Src/text.o (strcat)
d:/zainstalowane/programy/stm32_develop/eclipse/plugins/fr.ac6.mcu.externaltools.arm-none.win32_1.15.0.201708311556/tools/compiler/bin/../lib/gcc/arm-none-eabi/6.3.1/../../../../arm-none-eabi/lib/thumb/v6-m\libc_nano.a(lib_a-strlen.o)
                              Src/text.o (strlen)
d:/zainstalowane/programy/stm32_develop/eclipse/plugins/fr.ac6.mcu.externaltools.arm-none.win32_1.15.0.201708311556/tools/compiler/bin/../lib/gcc/arm-none-eabi/6.3.1/../../../../arm-none-eabi/lib/thumb/v6-m\libc_nano.a(lib_a-utoa.o)
                              d:/zainstalowane/programy/stm32_develop/eclipse/plugins/fr.ac6.mcu.externaltools.arm-none.win32_1.15.0.201708311556/tools/compiler/bin/../lib/gcc/arm-none-eabi/6.3.1/../../../../arm-none-eabi/lib/thumb/v6-m\libc_nano.a(lib_a-itoa.o) (__utoa)
d:/zainstalowane/programy/stm32_develop/eclipse/plugins/fr.ac6.mcu.externaltools.arm-none.win32_1.15.0.201708311556/tools/compiler/bin/../lib/gcc/arm-none-eabi/6.3.1/../../../../arm-none-eabi/lib/thumb/v6-m\libnosys.a(_exit.o)
                              d:/zainstalowane/programy/stm32_develop/eclipse/plugins/fr.ac6.mcu.externaltools.arm-none.win32_1.15.0.201708311556/tools/compiler/bin/../lib/gcc/arm-none-eabi/6.3.1/../../../../arm-none-eabi/lib/thumb/v6-m\libc_nano.a(lib_a-exit.o) (_exit)

Allocating common symbols
Common symbol       size              file
[...]
Memory Configuration

Name             Origin             Length             Attributes
RAM              0x20000000         0x00001000         xrw
FLASH            0x08000000         0x00004000         xr
*default*        0x00000000         0xffffffff

Linker script and memory map

LOAD d:/zainstalowane/programy/stm32_develop/eclipse/plugins/fr.ac6.mcu.externaltools.arm-none.win32_1.15.0.201708311556/tools/compiler/bin/../lib/gcc/arm-none-eabi/6.3.1/thumb/v6-m/crti.o
LOAD d:/zainstalowane/programy/stm32_develop/eclipse/plugins/fr.ac6.mcu.externaltools.arm-none.win32_1.15.0.201708311556/tools/compiler/bin/../lib/gcc/arm-none-eabi/6.3.1/thumb/v6-m/crtbegin.o
LOAD d:/zainstalowane/programy/stm32_develop/eclipse/plugins/fr.ac6.mcu.externaltools.arm-none.win32_1.15.0.201708311556/tools/compiler/bin/../lib/gcc/arm-none-eabi/6.3.1/../../../../arm-none-eabi/lib/thumb/v6-m/crt0.o
LOAD Drivers/STM32F0xx_HAL_Driver/Src/stm32f0xx_hal.o
LOAD Drivers/STM32F0xx_HAL_Driver/Src/stm32f0xx_hal_cortex.o
LOAD Drivers/STM32F0xx_HAL_Driver/Src/stm32f0xx_hal_dma.o
LOAD Drivers/STM32F0xx_HAL_Driver/Src/stm32f0xx_hal_flash.o
LOAD Drivers/STM32F0xx_HAL_Driver/Src/stm32f0xx_hal_flash_ex.o
LOAD Drivers/STM32F0xx_HAL_Driver/Src/stm32f0xx_hal_gpio.o
LOAD Drivers/STM32F0xx_HAL_Driver/Src/stm32f0xx_hal_i2c.o
LOAD Drivers/STM32F0xx_HAL_Driver/Src/stm32f0xx_hal_i2c_ex.o
LOAD Drivers/STM32F0xx_HAL_Driver/Src/stm32f0xx_hal_pwr.o
LOAD Drivers/STM32F0xx_HAL_Driver/Src/stm32f0xx_hal_pwr_ex.o
LOAD Drivers/STM32F0xx_HAL_Driver/Src/stm32f0xx_hal_rcc.o
LOAD Drivers/STM32F0xx_HAL_Driver/Src/stm32f0xx_hal_rcc_ex.o
LOAD Drivers/STM32F0xx_HAL_Driver/Src/stm32f0xx_hal_spi.o
LOAD Drivers/STM32F0xx_HAL_Driver/Src/stm32f0xx_hal_spi_ex.o
LOAD Drivers/STM32F0xx_HAL_Driver/Src/stm32f0xx_hal_tim.o
LOAD Drivers/STM32F0xx_HAL_Driver/Src/stm32f0xx_hal_tim_ex.o
LOAD Src/font.o
LOAD Src/gpio.o
LOAD Src/i2c.o
LOAD Src/io_routines.o
LOAD Src/lcd.o
LOAD Src/main.o
LOAD Src/rtc.o
LOAD Src/spi.o
LOAD Src/stm32f0xx_hal_msp.o
LOAD Src/stm32f0xx_it.o
LOAD Src/system_stm32f0xx.o
LOAD Src/text.o
LOAD startup/startup_stm32f030x6.o
LOAD d:/zainstalowane/programy/stm32_develop/eclipse/plugins/fr.ac6.mcu.externaltools.arm-none.win32_1.15.0.201708311556/tools/compiler/bin/../lib/gcc/arm-none-eabi/6.3.1/../../../../arm-none-eabi/lib/thumb/v6-m\libm.a
START GROUP
LOAD d:/zainstalowane/programy/stm32_develop/eclipse/plugins/fr.ac6.mcu.externaltools.arm-none.win32_1.15.0.201708311556/tools/compiler/bin/../lib/gcc/arm-none-eabi/6.3.1/thumb/v6-m\libgcc.a
LOAD d:/zainstalowane/programy/stm32_develop/eclipse/plugins/fr.ac6.mcu.externaltools.arm-none.win32_1.15.0.201708311556/tools/compiler/bin/../lib/gcc/arm-none-eabi/6.3.1/../../../../arm-none-eabi/lib/thumb/v6-m\libc_nano.a
END GROUP
START GROUP
LOAD d:/zainstalowane/programy/stm32_develop/eclipse/plugins/fr.ac6.mcu.externaltools.arm-none.win32_1.15.0.201708311556/tools/compiler/bin/../lib/gcc/arm-none-eabi/6.3.1/thumb/v6-m\libgcc.a
LOAD d:/zainstalowane/programy/stm32_develop/eclipse/plugins/fr.ac6.mcu.externaltools.arm-none.win32_1.15.0.201708311556/tools/compiler/bin/../lib/gcc/arm-none-eabi/6.3.1/../../../../arm-none-eabi/lib/thumb/v6-m\libc_nano.a
LOAD d:/zainstalowane/programy/stm32_develop/eclipse/plugins/fr.ac6.mcu.externaltools.arm-none.win32_1.15.0.201708311556/tools/compiler/bin/../lib/gcc/arm-none-eabi/6.3.1/../../../../arm-none-eabi/lib/thumb/v6-m\libnosys.a
END GROUP
START GROUP
LOAD d:/zainstalowane/programy/stm32_develop/eclipse/plugins/fr.ac6.mcu.externaltools.arm-none.win32_1.15.0.201708311556/tools/compiler/bin/../lib/gcc/arm-none-eabi/6.3.1/thumb/v6-m\libgcc.a
LOAD d:/zainstalowane/programy/stm32_develop/eclipse/plugins/fr.ac6.mcu.externaltools.arm-none.win32_1.15.0.201708311556/tools/compiler/bin/../lib/gcc/arm-none-eabi/6.3.1/../../../../arm-none-eabi/lib/thumb/v6-m\libc_nano.a
LOAD d:/zainstalowane/programy/stm32_develop/eclipse/plugins/fr.ac6.mcu.externaltools.arm-none.win32_1.15.0.201708311556/tools/compiler/bin/../lib/gcc/arm-none-eabi/6.3.1/../../../../arm-none-eabi/lib/thumb/v6-m\libnosys.a
END GROUP
LOAD d:/zainstalowane/programy/stm32_develop/eclipse/plugins/fr.ac6.mcu.externaltools.arm-none.win32_1.15.0.201708311556/tools/compiler/bin/../lib/gcc/arm-none-eabi/6.3.1/thumb/v6-m/crtend.o
LOAD d:/zainstalowane/programy/stm32_develop/eclipse/plugins/fr.ac6.mcu.externaltools.arm-none.win32_1.15.0.201708311556/tools/compiler/bin/../lib/gcc/arm-none-eabi/6.3.1/thumb/v6-m/crtn.o
                0x20001000                _estack = 0x20001000
                0x00000200                _Min_Heap_Size = 0x200
                0x00000400                _Min_Stack_Size = 0x400

.isr_vector     0x08000000       0xc0
                0x08000000                . = ALIGN (0x4)
 *(.isr_vector)
 .isr_vector    0x08000000       0xc0 startup/startup_stm32f030x6.o
                0x08000000                g_pfnVectors
                0x080000c0                . = ALIGN (0x4)

.text           0x080000c0     0x22e4
                0x080000c0                . = ALIGN (0x4)
 *(.text)
 .text          0x080000c0       0x60 d:/zainstalowane/programy/stm32_develop/eclipse/plugins/fr.ac6.mcu.externaltools.arm-none.win32_1.15.0.201708311556/tools/compiler/bin/../lib/gcc/arm-none-eabi/6.3.1/thumb/v6-m/crtbegin.o
 .text          0x08000120      0x114 d:/zainstalowane/programy/stm32_develop/eclipse/plugins/fr.ac6.mcu.externaltools.arm-none.win32_1.15.0.201708311556/tools/compiler/bin/../lib/gcc/arm-none-eabi/6.3.1/thumb/v6-m\libgcc.a(_udivsi3.o)
                0x08000120                __aeabi_uidiv
                0x08000120                __udivsi3
                0x0800022c                __aeabi_uidivmod
 .text          0x08000234        0x4 d:/zainstalowane/programy/stm32_develop/eclipse/plugins/fr.ac6.mcu.externaltools.arm-none.win32_1.15.0.201708311556/tools/compiler/bin/../lib/gcc/arm-none-eabi/6.3.1/thumb/v6-m\libgcc.a(_dvmd_tls.o)
                0x08000234                __aeabi_idiv0
                0x08000234                __aeabi_ldiv0
 .text          0x08000238        0xe d:/zainstalowane/programy/stm32_develop/eclipse/plugins/fr.ac6.mcu.externaltools.arm-none.win32_1.15.0.201708311556/tools/compiler/bin/../lib/gcc/arm-none-eabi/6.3.1/../../../../arm-none-eabi/lib/thumb/v6-m\libc_nano.a(lib_a-strlen.o)
                0x08000238                strlen
 *(.text*)
 .text.HAL_InitTick
                0x08000246       0x24 Drivers/STM32F0xx_HAL_Driver/Src/stm32f0xx_hal.o
                0x08000246                HAL_InitTick
 *fill*         0x0800026a        0x2 
 .text.HAL_Init
                0x0800026c       0x20 Drivers/STM32F0xx_HAL_Driver/Src/stm32f0xx_hal.o
                0x0800026c                HAL_Init
 .text.HAL_IncTick
                0x0800028c       0x10 Drivers/STM32F0xx_HAL_Driver/Src/stm32f0xx_hal.o
                0x0800028c                HAL_IncTick
 .text.HAL_GetTick
                0x0800029c        0xc Drivers/STM32F0xx_HAL_Driver/Src/stm32f0xx_hal.o
                0x0800029c                HAL_GetTick
 .text.HAL_Delay
                0x080002a8       0x22 Drivers/STM32F0xx_HAL_Driver/Src/stm32f0xx_hal.o
                0x080002a8                HAL_Delay
 *fill*         0x080002ca        0x2 
 .text.HAL_NVIC_SetPriority
                0x080002cc       0x64 Drivers/STM32F0xx_HAL_Driver/Src/stm32f0xx_hal_cortex.o
                0x080002cc                HAL_NVIC_SetPriority
 .text.HAL_NVIC_EnableIRQ
                0x08000330       0x14 Drivers/STM32F0xx_HAL_Driver/Src/stm32f0xx_hal_cortex.o
                0x08000330                HAL_NVIC_EnableIRQ
 .text.HAL_SYSTICK_Config
                0x08000344       0x38 Drivers/STM32F0xx_HAL_Driver/Src/stm32f0xx_hal_cortex.o
                0x08000344                HAL_SYSTICK_Config
 .text.HAL_SYSTICK_CLKSourceConfig
                0x0800037c       0x20 Drivers/STM32F0xx_HAL_Driver/Src/stm32f0xx_hal_cortex.o
                0x0800037c                HAL_SYSTICK_CLKSourceConfig
 .text.HAL_SYSTICK_Callback
                0x0800039c        0x2 Drivers/STM32F0xx_HAL_Driver/Src/stm32f0xx_hal_cortex.o
                0x0800039c                HAL_SYSTICK_Callback
 .text.HAL_SYSTICK_IRQHandler
                0x0800039e        0x8 Drivers/STM32F0xx_HAL_Driver/Src/stm32f0xx_hal_cortex.o
                0x0800039e                HAL_SYSTICK_IRQHandler
 *fill*         0x080003a6        0x2 
 .text.HAL_GPIO_Init
                0x080003a8      0x18c Drivers/STM32F0xx_HAL_Driver/Src/stm32f0xx_hal_gpio.o
                0x080003a8                HAL_GPIO_Init
 .text.HAL_GPIO_WritePin
                0x08000534        0xc Drivers/STM32F0xx_HAL_Driver/Src/stm32f0xx_hal_gpio.o
                0x08000534                HAL_GPIO_WritePin
 .text.HAL_GPIO_TogglePin
                0x08000540        0x8 Drivers/STM32F0xx_HAL_Driver/Src/stm32f0xx_hal_gpio.o
                0x08000540                HAL_GPIO_TogglePin
 .text.HAL_GPIO_EXTI_IRQHandler
                0x08000548       0x1c Drivers/STM32F0xx_HAL_Driver/Src/stm32f0xx_hal_gpio.o
                0x08000548                HAL_GPIO_EXTI_IRQHandler
 .text.I2C_Flush_TXDR
                0x08000564       0x1e Drivers/STM32F0xx_HAL_Driver/Src/stm32f0xx_hal_i2c.o
 *fill*         0x08000582        0x2 
 .text.I2C_TransferConfig
                0x08000584       0x24 Drivers/STM32F0xx_HAL_Driver/Src/stm32f0xx_hal_i2c.o
 .text.I2C_IsAcknowledgeFailed
                0x080005a8       0x78 Drivers/STM32F0xx_HAL_Driver/Src/stm32f0xx_hal_i2c.o
 .text.I2C_WaitOnTXISFlagUntilTimeout
                0x08000620       0x52 Drivers/STM32F0xx_HAL_Driver/Src/stm32f0xx_hal_i2c.o
 .text.I2C_WaitOnFlagUntilTimeout
                0x08000672       0x48 Drivers/STM32F0xx_HAL_Driver/Src/stm32f0xx_hal_i2c.o
 .text.I2C_RequestMemoryWrite
                0x080006ba       0x84 Drivers/STM32F0xx_HAL_Driver/Src/stm32f0xx_hal_i2c.o
 .text.I2C_RequestMemoryRead
                0x0800073e       0x82 Drivers/STM32F0xx_HAL_Driver/Src/stm32f0xx_hal_i2c.o
 .text.I2C_WaitOnSTOPFlagUntilTimeout
                0x080007c0       0x4e Drivers/STM32F0xx_HAL_Driver/Src/stm32f0xx_hal_i2c.o
 *fill*         0x0800080e        0x2 
 .text.HAL_I2C_Init
                0x08000810       0xcc Drivers/STM32F0xx_HAL_Driver/Src/stm32f0xx_hal_i2c.o
                0x08000810                HAL_I2C_Init
 .text.HAL_I2C_Mem_Write
                0x080008dc      0x1c4 Drivers/STM32F0xx_HAL_Driver/Src/stm32f0xx_hal_i2c.o
                0x080008dc                HAL_I2C_Mem_Write
 .text.HAL_I2C_Mem_Read
                0x08000aa0      0x1cc Drivers/STM32F0xx_HAL_Driver/Src/stm32f0xx_hal_i2c.o
                0x08000aa0                HAL_I2C_Mem_Read
 .text.HAL_I2CEx_ConfigAnalogFilter
                0x08000c6c       0x58 Drivers/STM32F0xx_HAL_Driver/Src/stm32f0xx_hal_i2c_ex.o
                0x08000c6c                HAL_I2CEx_ConfigAnalogFilter
 .text.HAL_I2CEx_ConfigDigitalFilter
                0x08000cc4       0x54 Drivers/STM32F0xx_HAL_Driver/Src/stm32f0xx_hal_i2c_ex.o
                0x08000cc4                HAL_I2CEx_ConfigDigitalFilter
 .text.HAL_RCC_OscConfig
                0x08000d18      0x44c Drivers/STM32F0xx_HAL_Driver/Src/stm32f0xx_hal_rcc.o
                0x08000d18                HAL_RCC_OscConfig
 .text.HAL_RCC_GetSysClockFreq
                0x08001164       0x6c Drivers/STM32F0xx_HAL_Driver/Src/stm32f0xx_hal_rcc.o
                0x08001164                HAL_RCC_GetSysClockFreq
 .text.HAL_RCC_ClockConfig
                0x080011d0      0x154 Drivers/STM32F0xx_HAL_Driver/Src/stm32f0xx_hal_rcc.o
                0x080011d0                HAL_RCC_ClockConfig
 .text.HAL_RCC_GetHCLKFreq
                0x08001324        0xc Drivers/STM32F0xx_HAL_Driver/Src/stm32f0xx_hal_rcc.o
                0x08001324                HAL_RCC_GetHCLKFreq
 .text.HAL_RCCEx_PeriphCLKConfig
                0x08001330      0x118 Drivers/STM32F0xx_HAL_Driver/Src/stm32f0xx_hal_rcc_ex.o
                0x08001330                HAL_RCCEx_PeriphCLKConfig
 .text.SPI_WaitFlagStateUntilTimeout
                0x08001448       0xa0 Drivers/STM32F0xx_HAL_Driver/Src/stm32f0xx_hal_spi.o
 .text.SPI_WaitFifoStateUntilTimeout
                0x080014e8       0xb4 Drivers/STM32F0xx_HAL_Driver/Src/stm32f0xx_hal_spi.o
 .text.SPI_EndRxTxTransaction
                0x0800159c       0x68 Drivers/STM32F0xx_HAL_Driver/Src/stm32f0xx_hal_spi.o
 .text.HAL_SPI_Init
                0x08001604       0xcc Drivers/STM32F0xx_HAL_Driver/Src/stm32f0xx_hal_spi.o
                0x08001604                HAL_SPI_Init
 .text.HAL_SPI_Transmit
                0x080016d0      0x1c2 Drivers/STM32F0xx_HAL_Driver/Src/stm32f0xx_hal_spi.o
                0x080016d0                HAL_SPI_Transmit
 *fill*         0x08001892        0x2 
 .text.MX_GPIO_Init
                0x08001894       0x94 Src/gpio.o
                0x08001894                MX_GPIO_Init
 .text.MX_I2C1_Init
                0x08001928       0x70 Src/i2c.o
                0x08001928                MX_I2C1_Init
 .text.HAL_I2C_MspInit
                0x08001998       0x50 Src/i2c.o
                0x08001998                HAL_I2C_MspInit
 .text.HAL_GPIO_EXTI_Callback
                0x080019e8       0x90 Src/io_routines.o
                0x080019e8                HAL_GPIO_EXTI_Callback
 .text.lcd_send_command
                0x08001a78       0x54 Src/lcd.o
                0x08001a78                lcd_send_command
 .text.lcd_send_data
                0x08001acc       0x4c Src/lcd.o
                0x08001acc                lcd_send_data
 .text.lcd_reset
                0x08001b18       0x20 Src/lcd.o
                0x08001b18                lcd_reset
 .text.lcd_init
                0x08001b38       0x54 Src/lcd.o
                0x08001b38                lcd_init
 .text.lcd_clear
                0x08001b8c       0x14 Src/lcd.o
                0x08001b8c                lcd_clear
 .text.lcd_draw_text
                0x08001ba0       0x50 Src/lcd.o
                0x08001ba0                lcd_draw_text
 .text.lcd_copy
                0x08001bf0       0x14 Src/lcd.o
                0x08001bf0                lcd_copy
 .text.MX_NVIC_Init
                0x08001c04       0x24 Src/main.o
 .text._Error_Handler
                0x08001c28        0x2 Src/main.o
                0x08001c28                _Error_Handler
 *fill*         0x08001c2a        0x2 
 .text.SystemClock_Config
                0x08001c2c       0x98 Src/main.o
                0x08001c2c                SystemClock_Config
 .text.main     0x08001cc4       0xec Src/main.o
                0x08001cc4                main
 .text.BCD_to_dec
                0x08001db0       0x16 Src/rtc.o
 .text.dec_to_BCD
                0x08001dc6       0x1c Src/rtc.o
 *fill*         0x08001de2        0x2 
 .text.rtc_get_all_time_registers
                0x08001de4       0x88 Src/rtc.o
                0x08001de4                rtc_get_all_time_registers
 .text.rtc_set  0x08001e6c       0x24 Src/rtc.o
                0x08001e6c                rtc_set
 .text.rtc_get  0x08001e90       0x2c Src/rtc.o
                0x08001e90                rtc_get
 .text.rtc_set_minutes
                0x08001ebc       0x20 Src/rtc.o
                0x08001ebc                rtc_set_minutes
 .text.rtc_set_hours
                0x08001edc       0x32 Src/rtc.o
                0x08001edc                rtc_set_hours
 .text.rtc_set_months
                0x08001f0e       0x32 Src/rtc.o
                0x08001f0e                rtc_set_months
 .text.MX_SPI1_Init
                0x08001f40       0x58 Src/spi.o
                0x08001f40                MX_SPI1_Init
 .text.HAL_SPI_MspInit
                0x08001f98       0x4c Src/spi.o
                0x08001f98                HAL_SPI_MspInit
 .text.HAL_MspInit
                0x08001fe4       0x44 Src/stm32f0xx_hal_msp.o
                0x08001fe4                HAL_MspInit
 .text.NMI_Handler
                0x08002028        0x2 Src/stm32f0xx_it.o
                0x08002028                NMI_Handler
 .text.HardFault_Handler
                0x0800202a        0x2 Src/stm32f0xx_it.o
                0x0800202a                HardFault_Handler
 .text.SVC_Handler
                0x0800202c        0x2 Src/stm32f0xx_it.o
                0x0800202c                SVC_Handler
 .text.PendSV_Handler
                0x0800202e        0x2 Src/stm32f0xx_it.o
                0x0800202e                PendSV_Handler
 .text.SysTick_Handler
                0x08002030        0xc Src/stm32f0xx_it.o
                0x08002030                SysTick_Handler
 .text.EXTI0_1_IRQHandler
                0x0800203c       0x10 Src/stm32f0xx_it.o
                0x0800203c                EXTI0_1_IRQHandler
 .text.EXTI2_3_IRQHandler
                0x0800204c       0x10 Src/stm32f0xx_it.o
                0x0800204c                EXTI2_3_IRQHandler
 .text.SystemInit
                0x0800205c       0x60 Src/system_stm32f0xx.o
                0x0800205c                SystemInit
 .text.show_time_num
                0x080020bc      0x14c Src/text.o
                0x080020bc                show_time_num
 .text.Reset_Handler
                0x08002208       0x50 startup/startup_stm32f030x6.o
                0x08002208                Reset_Handler
 .text.Default_Handler
                0x08002258        0x2 startup/startup_stm32f030x6.o
                0x08002258                TIM1_CC_IRQHandler
                0x08002258                I2C1_IRQHandler
                0x08002258                SPI1_IRQHandler
                0x08002258                ADC1_IRQHandler
                0x08002258                TIM17_IRQHandler
                0x08002258                RTC_IRQHandler
                0x08002258                TIM16_IRQHandler
                0x08002258                TIM3_IRQHandler
                0x08002258                EXTI4_15_IRQHandler
                0x08002258                RCC_IRQHandler
                0x08002258                DMA1_Channel1_IRQHandler
                0x08002258                Default_Handler
                0x08002258                TIM14_IRQHandler
                0x08002258                DMA1_Channel4_5_IRQHandler
                0x08002258                WWDG_IRQHandler
                0x08002258                DMA1_Channel2_3_IRQHandler
                0x08002258                FLASH_IRQHandler
                0x08002258                USART1_IRQHandler
                0x08002258                TIM1_BRK_UP_TRG_COM_IRQHandler
 *fill*         0x0800225a        0x2 
 .text.__libc_init_array
                0x0800225c       0x48 d:/zainstalowane/programy/stm32_develop/eclipse/plugins/fr.ac6.mcu.externaltools.arm-none.win32_1.15.0.201708311556/tools/compiler/bin/../lib/gcc/arm-none-eabi/6.3.1/../../../../arm-none-eabi/lib/thumb/v6-m\libc_nano.a(lib_a-init.o)
                0x0800225c                __libc_init_array
 .text.__itoa   0x080022a4       0x30 d:/zainstalowane/programy/stm32_develop/eclipse/plugins/fr.ac6.mcu.externaltools.arm-none.win32_1.15.0.201708311556/tools/compiler/bin/../lib/gcc/arm-none-eabi/6.3.1/../../../../arm-none-eabi/lib/thumb/v6-m\libc_nano.a(lib_a-itoa.o)
                0x080022a4                __itoa
 .text.itoa     0x080022d4        0x8 d:/zainstalowane/programy/stm32_develop/eclipse/plugins/fr.ac6.mcu.externaltools.arm-none.win32_1.15.0.201708311556/tools/compiler/bin/../lib/gcc/arm-none-eabi/6.3.1/../../../../arm-none-eabi/lib/thumb/v6-m\libc_nano.a(lib_a-itoa.o)
                0x080022d4                itoa
 .text.memcpy   0x080022dc       0x12 d:/zainstalowane/programy/stm32_develop/eclipse/plugins/fr.ac6.mcu.externaltools.arm-none.win32_1.15.0.201708311556/tools/compiler/bin/../lib/gcc/arm-none-eabi/6.3.1/../../../../arm-none-eabi/lib/thumb/v6-m\libc_nano.a(lib_a-memcpy-stub.o)
                0x080022dc                memcpy
 .text.memset   0x080022ee       0x10 d:/zainstalowane/programy/stm32_develop/eclipse/plugins/fr.ac6.mcu.externaltools.arm-none.win32_1.15.0.201708311556/tools/compiler/bin/../lib/gcc/arm-none-eabi/6.3.1/../../../../arm-none-eabi/lib/thumb/v6-m\libc_nano.a(lib_a-memset.o)
                0x080022ee                memset
 .text.strcat   0x080022fe       0x1a d:/zainstalowane/programy/stm32_develop/eclipse/plugins/fr.ac6.mcu.externaltools.arm-none.win32_1.15.0.201708311556/tools/compiler/bin/../lib/gcc/arm-none-eabi/6.3.1/../../../../arm-none-eabi/lib/thumb/v6-m\libc_nano.a(lib_a-strcat.o)
                0x080022fe                strcat
 .text.__utoa   0x08002318       0x74 d:/zainstalowane/programy/stm32_develop/eclipse/plugins/fr.ac6.mcu.externaltools.arm-none.win32_1.15.0.201708311556/tools/compiler/bin/../lib/gcc/arm-none-eabi/6.3.1/../../../../arm-none-eabi/lib/thumb/v6-m\libc_nano.a(lib_a-utoa.o)
                0x08002318                __utoa
 *(.glue_7)
 .glue_7        0x0800238c        0x0 linker stubs
 *(.glue_7t)
 .glue_7t       0x0800238c        0x0 linker stubs
 *(.eh_frame)
 .eh_frame      0x0800238c        0x0 d:/zainstalowane/programy/stm32_develop/eclipse/plugins/fr.ac6.mcu.externaltools.arm-none.win32_1.15.0.201708311556/tools/compiler/bin/../lib/gcc/arm-none-eabi/6.3.1/thumb/v6-m/crtbegin.o
 *(.init)
 .init          0x0800238c        0x4 d:/zainstalowane/programy/stm32_develop/eclipse/plugins/fr.ac6.mcu.externaltools.arm-none.win32_1.15.0.201708311556/tools/compiler/bin/../lib/gcc/arm-none-eabi/6.3.1/thumb/v6-m/crti.o
                0x0800238c                _init
 .init          0x08002390        0x8 d:/zainstalowane/programy/stm32_develop/eclipse/plugins/fr.ac6.mcu.externaltools.arm-none.win32_1.15.0.201708311556/tools/compiler/bin/../lib/gcc/arm-none-eabi/6.3.1/thumb/v6-m/crtn.o
 *(.fini)
 .fini          0x08002398        0x4 d:/zainstalowane/programy/stm32_develop/eclipse/plugins/fr.ac6.mcu.externaltools.arm-none.win32_1.15.0.201708311556/tools/compiler/bin/../lib/gcc/arm-none-eabi/6.3.1/thumb/v6-m/crti.o
                0x08002398                _fini
 .fini          0x0800239c        0x8 d:/zainstalowane/programy/stm32_develop/eclipse/plugins/fr.ac6.mcu.externaltools.arm-none.win32_1.15.0.201708311556/tools/compiler/bin/../lib/gcc/arm-none-eabi/6.3.1/thumb/v6-m/crtn.o
                0x080023a4                . = ALIGN (0x4)
                0x080023a4                _etext = .

.vfp11_veneer   0x080023a4        0x0
 .vfp11_veneer  0x080023a4        0x0 linker stubs

.v4_bx          0x080023a4        0x0
 .v4_bx         0x080023a4        0x0 linker stubs

.iplt           0x080023a4        0x0
 .iplt          0x080023a4        0x0 d:/zainstalowane/programy/stm32_develop/eclipse/plugins/fr.ac6.mcu.externaltools.arm-none.win32_1.15.0.201708311556/tools/compiler/bin/../lib/gcc/arm-none-eabi/6.3.1/thumb/v6-m/crtbegin.o

.rodata         0x080023a4      0x470
                0x080023a4                . = ALIGN (0x4)
 *(.rodata)
 .rodata        0x080023a4       0x20 Drivers/STM32F0xx_HAL_Driver/Src/stm32f0xx_hal_rcc.o
 .rodata        0x080023c4      0x1e0 Src/font.o
                0x080023c4                font_ASCII
 .rodata        0x080025a4      0x1f8 Src/main.o
 .rodata        0x0800279c       0x18 Src/system_stm32f0xx.o
                0x0800279c                AHBPrescTable
                0x080027ac                APBPrescTable
 *(.rodata*)
 .rodata.str1.4
                0x080027b4        0xd Src/i2c.o
 *fill*         0x080027c1        0x3 
 .rodata.str1.4
                0x080027c4        0xe Src/main.o
 *fill*         0x080027d2        0x2 
 .rodata.str1.4
                0x080027d4        0xd Src/spi.o
 *fill*         0x080027e1        0x3 
 .rodata.str1.4
                0x080027e4        0x8 Src/text.o
                                  0x6 (size before relaxing)
 .rodata.__utoa.str1.1
                0x080027ec       0x25 d:/zainstalowane/programy/stm32_develop/eclipse/plugins/fr.ac6.mcu.externaltools.arm-none.win32_1.15.0.201708311556/tools/compiler/bin/../lib/gcc/arm-none-eabi/6.3.1/../../../../arm-none-eabi/lib/thumb/v6-m\libc_nano.a(lib_a-utoa.o)
                0x08002814                . = ALIGN (0x4)
 *fill*         0x08002811        0x3 

.rel.dyn        0x08002814        0x0
 .rel.iplt      0x08002814        0x0 d:/zainstalowane/programy/stm32_develop/eclipse/plugins/fr.ac6.mcu.externaltools.arm-none.win32_1.15.0.201708311556/tools/compiler/bin/../lib/gcc/arm-none-eabi/6.3.1/thumb/v6-m/crtbegin.o

.ARM.extab
 *(.ARM.extab* .gnu.linkonce.armextab.*)

.ARM            0x08002814        0x0
                0x08002814                __exidx_start = .
 *(.ARM.exidx*)
                0x08002814                __exidx_end = .

.preinit_array  0x08002814        0x0
                0x08002814                PROVIDE (__preinit_array_start, .)
 *(.preinit_array*)
                0x08002814                PROVIDE (__preinit_array_end, .)

.init_array     0x08002814        0x4
                0x08002814                PROVIDE (__init_array_start, .)
 *(SORT(.init_array.*))
 *(.init_array*)
 .init_array    0x08002814        0x4 d:/zainstalowane/programy/stm32_develop/eclipse/plugins/fr.ac6.mcu.externaltools.arm-none.win32_1.15.0.201708311556/tools/compiler/bin/../lib/gcc/arm-none-eabi/6.3.1/thumb/v6-m/crtbegin.o
                0x08002818                PROVIDE (__init_array_end, .)

.fini_array     0x08002818        0x4
                [!provide]                PROVIDE (__fini_array_start, .)
 *(SORT(.fini_array.*))
 *(.fini_array*)
 .fini_array    0x08002818        0x4 d:/zainstalowane/programy/stm32_develop/eclipse/plugins/fr.ac6.mcu.externaltools.arm-none.win32_1.15.0.201708311556/tools/compiler/bin/../lib/gcc/arm-none-eabi/6.3.1/thumb/v6-m/crtbegin.o
                [!provide]                PROVIDE (__fini_array_end, .)
                0x0800281c                _sidata = LOADADDR (.data)

.data           0x20000000        0x4 load address 0x0800281c
                0x20000000                . = ALIGN (0x4)
                0x20000000                _sdata = .
 *(.data)
 .data          0x20000000        0x4 Src/system_stm32f0xx.o
                0x20000000                SystemCoreClock
 *(.data*)
                0x20000004                . = ALIGN (0x4)
                0x20000004                _edata = .

.jcr            0x20000004        0x0 load address 0x08002820
 .jcr           0x20000004        0x0 d:/zainstalowane/programy/stm32_develop/eclipse/plugins/fr.ac6.mcu.externaltools.arm-none.win32_1.15.0.201708311556/tools/compiler/bin/../lib/gcc/arm-none-eabi/6.3.1/thumb/v6-m/crtbegin.o

.igot.plt       0x20000004        0x0 load address 0x08002820
 .igot.plt      0x20000004        0x0 d:/zainstalowane/programy/stm32_develop/eclipse/plugins/fr.ac6.mcu.externaltools.arm-none.win32_1.15.0.201708311556/tools/compiler/bin/../lib/gcc/arm-none-eabi/6.3.1/thumb/v6-m/crtbegin.o
                0x20000004                . = ALIGN (0x4)

.bss            0x20000004      0x2f4 load address 0x08002820
                0x20000004                _sbss = .
                0x20000004                __bss_start__ = _sbss
 *(.bss)
 .bss           0x20000004       0x1c d:/zainstalowane/programy/stm32_develop/eclipse/plugins/fr.ac6.mcu.externaltools.arm-none.win32_1.15.0.201708311556/tools/compiler/bin/../lib/gcc/arm-none-eabi/6.3.1/thumb/v6-m/crtbegin.o
 .bss           0x20000020        0x1 Src/rtc.o
 *(.bss*)
 *(COMMON)
 *fill*         0x20000021        0x3 
 COMMON         0x20000024       0x10 Drivers/STM32F0xx_HAL_Driver/Src/stm32f0xx_hal.o
                0x20000024                rtc_values
                0x20000030                uwTick
 COMMON         0x20000034       0x4c Src/i2c.o
                0x20000034                hi2c1
 COMMON         0x20000080        0x4 Src/io_routines.o
                0x20000080                btn_3
                0x20000081                second_pass
                0x20000082                btn_2
                0x20000083                btn_1
 COMMON         0x20000084      0x1f8 Src/lcd.o
                0x20000084                lcd_buffer
 COMMON         0x2000027c       0x64 Src/spi.o
                0x2000027c                hspi1
 COMMON         0x200002e0       0x17 Src/text.o
                0x200002e0                row1
                0x200002ec                row2
                0x200002f8                . = ALIGN (0x4)
 *fill*         0x200002f7        0x1 
                0x200002f8                _ebss = .
                0x200002f8                __bss_end__ = _ebss

._user_heap_stack
                0x200002f8      0x600 load address 0x08002820
                0x200002f8                . = ALIGN (0x8)
                [!provide]                PROVIDE (end, .)
                [!provide]                PROVIDE (_end, .)
                0x200004f8                . = (. + _Min_Heap_Size)
 *fill*         0x200002f8      0x200 
                0x200008f8                . = (. + _Min_Stack_Size)
 *fill*         0x200004f8      0x400 
                0x200008f8                . = ALIGN (0x8)

/DISCARD/
 libc.a(*)
 libm.a(*)
 libgcc.a(*)

.ARM.attributes
                0x00000000       0x28
 *(.ARM.attributes)
 .ARM.attributes
                0x00000000       0x1e d:/zainstalowane/programy/stm32_develop/eclipse/plugins/fr.ac6.mcu.externaltools.arm-none.win32_1.15.0.201708311556/tools/compiler/bin/../lib/gcc/arm-none-eabi/6.3.1/thumb/v6-m/crti.o
 .ARM.attributes
                0x0000001e       0x2c d:/zainstalowane/programy/stm32_develop/eclipse/plugins/fr.ac6.mcu.externaltools.arm-none.win32_1.15.0.201708311556/tools/compiler/bin/../lib/gcc/arm-none-eabi/6.3.1/thumb/v6-m/crtbegin.o
 .ARM.attributes
                0x0000004a       0x31 Drivers/STM32F0xx_HAL_Driver/Src/stm32f0xx_hal.o
 .ARM.attributes
                0x0000007b       0x31 Drivers/STM32F0xx_HAL_Driver/Src/stm32f0xx_hal_cortex.o
 .ARM.attributes
                0x000000ac       0x31 Drivers/STM32F0xx_HAL_Driver/Src/stm32f0xx_hal_gpio.o
 .ARM.attributes
                0x000000dd       0x31 Drivers/STM32F0xx_HAL_Driver/Src/stm32f0xx_hal_i2c.o
 .ARM.attributes
                0x0000010e       0x31 Drivers/STM32F0xx_HAL_Driver/Src/stm32f0xx_hal_i2c_ex.o
 .ARM.attributes
                0x0000013f       0x31 Drivers/STM32F0xx_HAL_Driver/Src/stm32f0xx_hal_rcc.o
 .ARM.attributes
                0x00000170       0x31 Drivers/STM32F0xx_HAL_Driver/Src/stm32f0xx_hal_rcc_ex.o
 .ARM.attributes
                0x000001a1       0x31 Drivers/STM32F0xx_HAL_Driver/Src/stm32f0xx_hal_spi.o
 .ARM.attributes
                0x000001d2       0x31 Src/font.o
 .ARM.attributes
                0x00000203       0x31 Src/gpio.o
 .ARM.attributes
                0x00000234       0x31 Src/i2c.o
 .ARM.attributes
                0x00000265       0x31 Src/io_routines.o
 .ARM.attributes
                0x00000296       0x31 Src/lcd.o
 .ARM.attributes
                0x000002c7       0x31 Src/main.o
 .ARM.attributes
                0x000002f8       0x31 Src/rtc.o
 .ARM.attributes
                0x00000329       0x31 Src/spi.o
 .ARM.attributes
                0x0000035a       0x31 Src/stm32f0xx_hal_msp.o
 .ARM.attributes
                0x0000038b       0x31 Src/stm32f0xx_it.o
 .ARM.attributes
                0x000003bc       0x31 Src/system_stm32f0xx.o
 .ARM.attributes
                0x000003ed       0x31 Src/text.o
 .ARM.attributes
                0x0000041e       0x21 startup/startup_stm32f030x6.o
 .ARM.attributes
                0x0000043f       0x1e d:/zainstalowane/programy/stm32_develop/eclipse/plugins/fr.ac6.mcu.externaltools.arm-none.win32_1.15.0.201708311556/tools/compiler/bin/../lib/gcc/arm-none-eabi/6.3.1/thumb/v6-m\libgcc.a(_udivsi3.o)
 .ARM.attributes
                0x0000045d       0x1e d:/zainstalowane/programy/stm32_develop/eclipse/plugins/fr.ac6.mcu.externaltools.arm-none.win32_1.15.0.201708311556/tools/compiler/bin/../lib/gcc/arm-none-eabi/6.3.1/thumb/v6-m\libgcc.a(_dvmd_tls.o)
 .ARM.attributes
                0x0000047b       0x2c d:/zainstalowane/programy/stm32_develop/eclipse/plugins/fr.ac6.mcu.externaltools.arm-none.win32_1.15.0.201708311556/tools/compiler/bin/../lib/gcc/arm-none-eabi/6.3.1/../../../../arm-none-eabi/lib/thumb/v6-m\libc_nano.a(lib_a-init.o)
 .ARM.attributes
                0x000004a7       0x2c d:/zainstalowane/programy/stm32_develop/eclipse/plugins/fr.ac6.mcu.externaltools.arm-none.win32_1.15.0.201708311556/tools/compiler/bin/../lib/gcc/arm-none-eabi/6.3.1/../../../../arm-none-eabi/lib/thumb/v6-m\libc_nano.a(lib_a-itoa.o)
 .ARM.attributes
                0x000004d3       0x2c d:/zainstalowane/programy/stm32_develop/eclipse/plugins/fr.ac6.mcu.externaltools.arm-none.win32_1.15.0.201708311556/tools/compiler/bin/../lib/gcc/arm-none-eabi/6.3.1/../../../../arm-none-eabi/lib/thumb/v6-m\libc_nano.a(lib_a-memcpy-stub.o)
 .ARM.attributes
                0x000004ff       0x2c d:/zainstalowane/programy/stm32_develop/eclipse/plugins/fr.ac6.mcu.externaltools.arm-none.win32_1.15.0.201708311556/tools/compiler/bin/../lib/gcc/arm-none-eabi/6.3.1/../../../../arm-none-eabi/lib/thumb/v6-m\libc_nano.a(lib_a-memset.o)
 .ARM.attributes
                0x0000052b       0x2c d:/zainstalowane/programy/stm32_develop/eclipse/plugins/fr.ac6.mcu.externaltools.arm-none.win32_1.15.0.201708311556/tools/compiler/bin/../lib/gcc/arm-none-eabi/6.3.1/../../../../arm-none-eabi/lib/thumb/v6-m\libc_nano.a(lib_a-strcat.o)
 .ARM.attributes
                0x00000557       0x1c d:/zainstalowane/programy/stm32_develop/eclipse/plugins/fr.ac6.mcu.externaltools.arm-none.win32_1.15.0.201708311556/tools/compiler/bin/../lib/gcc/arm-none-eabi/6.3.1/../../../../arm-none-eabi/lib/thumb/v6-m\libc_nano.a(lib_a-strlen.o)
 .ARM.attributes
                0x00000573       0x2c d:/zainstalowane/programy/stm32_develop/eclipse/plugins/fr.ac6.mcu.externaltools.arm-none.win32_1.15.0.201708311556/tools/compiler/bin/../lib/gcc/arm-none-eabi/6.3.1/../../../../arm-none-eabi/lib/thumb/v6-m\libc_nano.a(lib_a-utoa.o)
 .ARM.attributes
                0x0000059f       0x1e d:/zainstalowane/programy/stm32_develop/eclipse/plugins/fr.ac6.mcu.externaltools.arm-none.win32_1.15.0.201708311556/tools/compiler/bin/../lib/gcc/arm-none-eabi/6.3.1/thumb/v6-m/crtn.o
OUTPUT(RTC_and_spi_screen.elf elf32-littlearm)

.debug_info     0x00000000    0x19354
 .debug_info    0x00000000     0x1128 Drivers/STM32F0xx_HAL_Driver/Src/stm32f0xx_hal.o
 .debug_info    0x00001128     0x129e Drivers/STM32F0xx_HAL_Driver/Src/stm32f0xx_hal_cortex.o
 .debug_info    0x000023c6     0x1143 Drivers/STM32F0xx_HAL_Driver/Src/stm32f0xx_hal_gpio.o
 .debug_info    0x00003509     0x3c88 Drivers/STM32F0xx_HAL_Driver/Src/stm32f0xx_hal_i2c.o
 .debug_info    0x00007191     0x1326 Drivers/STM32F0xx_HAL_Driver/Src/stm32f0xx_hal_i2c_ex.o
 .debug_info    0x000084b7     0x1422 Drivers/STM32F0xx_HAL_Driver/Src/stm32f0xx_hal_rcc.o
 .debug_info    0x000098d9      0xeef Drivers/STM32F0xx_HAL_Driver/Src/stm32f0xx_hal_rcc_ex.o
 .debug_info    0x0000a7c8     0x285d Drivers/STM32F0xx_HAL_Driver/Src/stm32f0xx_hal_spi.o
 .debug_info    0x0000d025       0xb8 Src/font.o
 .debug_info    0x0000d0dd      0xeef Src/gpio.o
 .debug_info    0x0000dfcc     0x147a Src/i2c.o
 .debug_info    0x0000f446      0xdbf Src/io_routines.o
 .debug_info    0x00010205     0x15a8 Src/lcd.o
 .debug_info    0x000117ad     0x175c Src/main.o
 .debug_info    0x00012f09     0x14e0 Src/rtc.o
 .debug_info    0x000143e9     0x13b0 Src/spi.o
 .debug_info    0x00015799      0xe07 Src/stm32f0xx_hal_msp.o
 .debug_info    0x000165a0      0xd16 Src/stm32f0xx_it.o
 .debug_info    0x000172b6      0xd60 Src/system_stm32f0xx.o
 .debug_info    0x00018016     0x12c3 Src/text.o
 .debug_info    0x000192d9       0x7b startup/startup_stm32f030x6.o

.debug_abbrev   0x00000000     0x33e4
 .debug_abbrev  0x00000000      0x311 Drivers/STM32F0xx_HAL_Driver/Src/stm32f0xx_hal.o
 .debug_abbrev  0x00000311      0x354 Drivers/STM32F0xx_HAL_Driver/Src/stm32f0xx_hal_cortex.o
 .debug_abbrev  0x00000665      0x2d3 Drivers/STM32F0xx_HAL_Driver/Src/stm32f0xx_hal_gpio.o
 .debug_abbrev  0x00000938      0x30b Drivers/STM32F0xx_HAL_Driver/Src/stm32f0xx_hal_i2c.o
 .debug_abbrev  0x00000c43      0x292 Drivers/STM32F0xx_HAL_Driver/Src/stm32f0xx_hal_i2c_ex.o
 .debug_abbrev  0x00000ed5      0x316 Drivers/STM32F0xx_HAL_Driver/Src/stm32f0xx_hal_rcc.o
 .debug_abbrev  0x000011eb      0x2d1 Drivers/STM32F0xx_HAL_Driver/Src/stm32f0xx_hal_rcc_ex.o
 .debug_abbrev  0x000014bc      0x341 Drivers/STM32F0xx_HAL_Driver/Src/stm32f0xx_hal_spi.o
 .debug_abbrev  0x000017fd       0x72 Src/font.o
 .debug_abbrev  0x0000186f      0x257 Src/gpio.o
 .debug_abbrev  0x00001ac6      0x284 Src/i2c.o
 .debug_abbrev  0x00001d4a      0x250 Src/io_routines.o
 .debug_abbrev  0x00001f9a      0x2b0 Src/lcd.o
 .debug_abbrev  0x0000224a      0x2bf Src/main.o
 .debug_abbrev  0x00002509      0x2ec Src/rtc.o
 .debug_abbrev  0x000027f5      0x284 Src/spi.o
 .debug_abbrev  0x00002a79      0x260 Src/stm32f0xx_hal_msp.o
 .debug_abbrev  0x00002cd9      0x243 Src/stm32f0xx_it.o
 .debug_abbrev  0x00002f1c      0x233 Src/system_stm32f0xx.o
 .debug_abbrev  0x0000314f      0x283 Src/text.o
 .debug_abbrev  0x000033d2       0x12 startup/startup_stm32f030x6.o

.debug_loc      0x00000000     0x6e2d
 .debug_loc     0x00000000       0x7c Drivers/STM32F0xx_HAL_Driver/Src/stm32f0xx_hal.o
 .debug_loc     0x0000007c      0x393 Drivers/STM32F0xx_HAL_Driver/Src/stm32f0xx_hal_cortex.o
 .debug_loc     0x0000040f      0x2b2 Drivers/STM32F0xx_HAL_Driver/Src/stm32f0xx_hal_gpio.o
 .debug_loc     0x000006c1     0x39fd Drivers/STM32F0xx_HAL_Driver/Src/stm32f0xx_hal_i2c.o
 .debug_loc     0x000040be      0x19f Drivers/STM32F0xx_HAL_Driver/Src/stm32f0xx_hal_i2c_ex.o
 .debug_loc     0x0000425d      0x421 Drivers/STM32F0xx_HAL_Driver/Src/stm32f0xx_hal_rcc.o
 .debug_loc     0x0000467e      0x342 Drivers/STM32F0xx_HAL_Driver/Src/stm32f0xx_hal_rcc_ex.o
 .debug_loc     0x000049c0     0x1d6a Drivers/STM32F0xx_HAL_Driver/Src/stm32f0xx_hal_spi.o
 .debug_loc     0x0000672a       0x74 Src/i2c.o
 .debug_loc     0x0000679e       0x6c Src/io_routines.o
 .debug_loc     0x0000680a      0x1ee Src/lcd.o
 .debug_loc     0x000069f8      0x129 Src/rtc.o
 .debug_loc     0x00006b21       0x74 Src/spi.o
 .debug_loc     0x00006b95      0x10e Src/system_stm32f0xx.o
 .debug_loc     0x00006ca3      0x18a Src/text.o

.debug_aranges  0x00000000      0x938
 .debug_aranges
                0x00000000       0xb8 Drivers/STM32F0xx_HAL_Driver/Src/stm32f0xx_hal.o
 .debug_aranges
                0x000000b8       0x78 Drivers/STM32F0xx_HAL_Driver/Src/stm32f0xx_hal_cortex.o
 .debug_aranges
                0x00000130       0x58 Drivers/STM32F0xx_HAL_Driver/Src/stm32f0xx_hal_gpio.o
 .debug_aranges
                0x00000188      0x260 Drivers/STM32F0xx_HAL_Driver/Src/stm32f0xx_hal_i2c.o
 .debug_aranges
                0x000003e8       0x38 Drivers/STM32F0xx_HAL_Driver/Src/stm32f0xx_hal_i2c_ex.o
 .debug_aranges
                0x00000420       0x80 Drivers/STM32F0xx_HAL_Driver/Src/stm32f0xx_hal_rcc.o
 .debug_aranges
                0x000004a0       0x30 Drivers/STM32F0xx_HAL_Driver/Src/stm32f0xx_hal_rcc_ex.o
 .debug_aranges
                0x000004d0      0x1d8 Drivers/STM32F0xx_HAL_Driver/Src/stm32f0xx_hal_spi.o
 .debug_aranges
                0x000006a8       0x18 Src/font.o
 .debug_aranges
                0x000006c0       0x20 Src/gpio.o
 .debug_aranges
                0x000006e0       0x30 Src/i2c.o
 .debug_aranges
                0x00000710       0x20 Src/io_routines.o
 .debug_aranges
                0x00000730       0x58 Src/lcd.o
 .debug_aranges
                0x00000788       0x38 Src/main.o
 .debug_aranges
                0x000007c0       0x60 Src/rtc.o
 .debug_aranges
                0x00000820       0x30 Src/spi.o
 .debug_aranges
                0x00000850       0x20 Src/stm32f0xx_hal_msp.o
 .debug_aranges
                0x00000870       0x50 Src/stm32f0xx_it.o
 .debug_aranges
                0x000008c0       0x28 Src/system_stm32f0xx.o
 .debug_aranges
                0x000008e8       0x28 Src/text.o
 .debug_aranges
                0x00000910       0x28 startup/startup_stm32f030x6.o

.debug_ranges   0x00000000      0x878
 .debug_ranges  0x00000000       0xa8 Drivers/STM32F0xx_HAL_Driver/Src/stm32f0xx_hal.o
 .debug_ranges  0x000000a8       0xb0 Drivers/STM32F0xx_HAL_Driver/Src/stm32f0xx_hal_cortex.o
 .debug_ranges  0x00000158       0x48 Drivers/STM32F0xx_HAL_Driver/Src/stm32f0xx_hal_gpio.o
 .debug_ranges  0x000001a0      0x250 Drivers/STM32F0xx_HAL_Driver/Src/stm32f0xx_hal_i2c.o
 .debug_ranges  0x000003f0       0x28 Drivers/STM32F0xx_HAL_Driver/Src/stm32f0xx_hal_i2c_ex.o
 .debug_ranges  0x00000418       0x88 Drivers/STM32F0xx_HAL_Driver/Src/stm32f0xx_hal_rcc.o
 .debug_ranges  0x000004a0       0x38 Drivers/STM32F0xx_HAL_Driver/Src/stm32f0xx_hal_rcc_ex.o
 .debug_ranges  0x000004d8      0x1c8 Drivers/STM32F0xx_HAL_Driver/Src/stm32f0xx_hal_spi.o
 .debug_ranges  0x000006a0       0x10 Src/gpio.o
 .debug_ranges  0x000006b0       0x20 Src/i2c.o
 .debug_ranges  0x000006d0       0x10 Src/io_routines.o
 .debug_ranges  0x000006e0       0x60 Src/lcd.o
 .debug_ranges  0x00000740       0x28 Src/main.o
 .debug_ranges  0x00000768       0x50 Src/rtc.o
 .debug_ranges  0x000007b8       0x20 Src/spi.o
 .debug_ranges  0x000007d8       0x10 Src/stm32f0xx_hal_msp.o
 .debug_ranges  0x000007e8       0x40 Src/stm32f0xx_it.o
 .debug_ranges  0x00000828       0x18 Src/system_stm32f0xx.o
 .debug_ranges  0x00000840       0x18 Src/text.o
 .debug_ranges  0x00000858       0x20 startup/startup_stm32f030x6.o

.debug_macro    0x00000000     0xe271
 .debug_macro   0x00000000      0x331 Drivers/STM32F0xx_HAL_Driver/Src/stm32f0xx_hal.o
 .debug_macro   0x00000331      0x8b0 Drivers/STM32F0xx_HAL_Driver/Src/stm32f0xx_hal.o
 .debug_macro   0x00000be1       0x22 Drivers/STM32F0xx_HAL_Driver/Src/stm32f0xx_hal.o
 .debug_macro   0x00000c03       0x4f Drivers/STM32F0xx_HAL_Driver/Src/stm32f0xx_hal.o
 .debug_macro   0x00000c52       0x51 Drivers/STM32F0xx_HAL_Driver/Src/stm32f0xx_hal.o
 .debug_macro   0x00000ca3       0xef Drivers/STM32F0xx_HAL_Driver/Src/stm32f0xx_hal.o
 .debug_macro   0x00000d92       0x6a Drivers/STM32F0xx_HAL_Driver/Src/stm32f0xx_hal.o
 .debug_macro   0x00000dfc      0x1df Drivers/STM32F0xx_HAL_Driver/Src/stm32f0xx_hal.o
 .debug_macro   0x00000fdb       0x58 Drivers/STM32F0xx_HAL_Driver/Src/stm32f0xx_hal.o
 .debug_macro   0x00001033       0x35 Drivers/STM32F0xx_HAL_Driver/Src/stm32f0xx_hal.o
 .debug_macro   0x00001068       0x9c Drivers/STM32F0xx_HAL_Driver/Src/stm32f0xx_hal.o
 .debug_macro   0x00001104      0x174 Drivers/STM32F0xx_HAL_Driver/Src/stm32f0xx_hal.o
 .debug_macro   0x00001278       0x58 Drivers/STM32F0xx_HAL_Driver/Src/stm32f0xx_hal.o
 .debug_macro   0x000012d0       0x1f Drivers/STM32F0xx_HAL_Driver/Src/stm32f0xx_hal.o
 .debug_macro   0x000012ef       0x43 Drivers/STM32F0xx_HAL_Driver/Src/stm32f0xx_hal.o
 .debug_macro   0x00001332       0x20 Drivers/STM32F0xx_HAL_Driver/Src/stm32f0xx_hal.o
 .debug_macro   0x00001352      0x187 Drivers/STM32F0xx_HAL_Driver/Src/stm32f0xx_hal.o
 .debug_macro   0x000014d9      0x330 Drivers/STM32F0xx_HAL_Driver/Src/stm32f0xx_hal.o
 .debug_macro   0x00001809       0x10 Drivers/STM32F0xx_HAL_Driver/Src/stm32f0xx_hal.o
 .debug_macro   0x00001819       0x35 Drivers/STM32F0xx_HAL_Driver/Src/stm32f0xx_hal.o
 .debug_macro   0x0000184e       0x28 Drivers/STM32F0xx_HAL_Driver/Src/stm32f0xx_hal.o
 .debug_macro   0x00001876       0x1c Drivers/STM32F0xx_HAL_Driver/Src/stm32f0xx_hal.o
 .debug_macro   0x00001892       0x10 Drivers/STM32F0xx_HAL_Driver/Src/stm32f0xx_hal.o
 .debug_macro   0x000018a2       0x10 Drivers/STM32F0xx_HAL_Driver/Src/stm32f0xx_hal.o
 .debug_macro   0x000018b2       0xb6 Drivers/STM32F0xx_HAL_Driver/Src/stm32f0xx_hal.o
 .debug_macro   0x00001968       0x16 Drivers/STM32F0xx_HAL_Driver/Src/stm32f0xx_hal.o
 .debug_macro   0x0000197e      0x145 Drivers/STM32F0xx_HAL_Driver/Src/stm32f0xx_hal.o
 .debug_macro   0x00001ac3       0x16 Drivers/STM32F0xx_HAL_Driver/Src/stm32f0xx_hal.o
 .debug_macro   0x00001ad9       0x22 Drivers/STM32F0xx_HAL_Driver/Src/stm32f0xx_hal.o
 .debug_macro   0x00001afb       0x82 Drivers/STM32F0xx_HAL_Driver/Src/stm32f0xx_hal.o
 .debug_macro   0x00001b7d       0xa5 Drivers/STM32F0xx_HAL_Driver/Src/stm32f0xx_hal.o
 .debug_macro   0x00001c22       0x2e Drivers/STM32F0xx_HAL_Driver/Src/stm32f0xx_hal.o
 .debug_macro   0x00001c50       0x22 Drivers/STM32F0xx_HAL_Driver/Src/stm32f0xx_hal.o
 .debug_macro   0x00001c72       0x3a Drivers/STM32F0xx_HAL_Driver/Src/stm32f0xx_hal.o
 .debug_macro   0x00001cac       0x26 Drivers/STM32F0xx_HAL_Driver/Src/stm32f0xx_hal.o
 .debug_macro   0x00001cd2      0x30d Drivers/STM32F0xx_HAL_Driver/Src/stm32f0xx_hal.o
 .debug_macro   0x00001fdf     0x6ed0 Drivers/STM32F0xx_HAL_Driver/Src/stm32f0xx_hal.o
 .debug_macro   0x00008eaf       0x3c Drivers/STM32F0xx_HAL_Driver/Src/stm32f0xx_hal.o
 .debug_macro   0x00008eeb       0x49 Drivers/STM32F0xx_HAL_Driver/Src/stm32f0xx_hal.o
 .debug_macro   0x00008f34      0x92f Drivers/STM32F0xx_HAL_Driver/Src/stm32f0xx_hal.o
 .debug_macro   0x00009863       0xe5 Drivers/STM32F0xx_HAL_Driver/Src/stm32f0xx_hal.o
 .debug_macro   0x00009948      0x13a Drivers/STM32F0xx_HAL_Driver/Src/stm32f0xx_hal.o
 .debug_macro   0x00009a82       0xb3 Drivers/STM32F0xx_HAL_Driver/Src/stm32f0xx_hal.o
 .debug_macro   0x00009b35      0x1ed Drivers/STM32F0xx_HAL_Driver/Src/stm32f0xx_hal.o
 .debug_macro   0x00009d22       0x34 Drivers/STM32F0xx_HAL_Driver/Src/stm32f0xx_hal.o
 .debug_macro   0x00009d56       0x43 Drivers/STM32F0xx_HAL_Driver/Src/stm32f0xx_hal.o
 .debug_macro   0x00009d99       0x28 Drivers/STM32F0xx_HAL_Driver/Src/stm32f0xx_hal.o
 .debug_macro   0x00009dc1       0xb6 Drivers/STM32F0xx_HAL_Driver/Src/stm32f0xx_hal.o
 .debug_macro   0x00009e77      0x15a Drivers/STM32F0xx_HAL_Driver/Src/stm32f0xx_hal.o
 .debug_macro   0x00009fd1      0x202 Drivers/STM32F0xx_HAL_Driver/Src/stm32f0xx_hal.o
 .debug_macro   0x0000a1d3       0x61 Drivers/STM32F0xx_HAL_Driver/Src/stm32f0xx_hal.o
 .debug_macro   0x0000a234       0x90 Drivers/STM32F0xx_HAL_Driver/Src/stm32f0xx_hal.o
 .debug_macro   0x0000a2c4       0x4d Drivers/STM32F0xx_HAL_Driver/Src/stm32f0xx_hal.o
 .debug_macro   0x0000a311       0x2d Drivers/STM32F0xx_HAL_Driver/Src/stm32f0xx_hal.o
 .debug_macro   0x0000a33e      0x2f0 Drivers/STM32F0xx_HAL_Driver/Src/stm32f0xx_hal.o
 .debug_macro   0x0000a62e       0xea Drivers/STM32F0xx_HAL_Driver/Src/stm32f0xx_hal.o
 .debug_macro   0x0000a718      0x30d Drivers/STM32F0xx_HAL_Driver/Src/stm32f0xx_hal_cortex.o
 .debug_macro   0x0000aa25      0x345 Drivers/STM32F0xx_HAL_Driver/Src/stm32f0xx_hal_gpio.o
 .debug_macro   0x0000ad6a      0x3d9 Drivers/STM32F0xx_HAL_Driver/Src/stm32f0xx_hal_i2c.o
 .debug_macro   0x0000b143      0x30d Drivers/STM32F0xx_HAL_Driver/Src/stm32f0xx_hal_i2c_ex.o
 .debug_macro   0x0000b450      0x31f Drivers/STM32F0xx_HAL_Driver/Src/stm32f0xx_hal_rcc.o
 .debug_macro   0x0000b76f      0x30d Drivers/STM32F0xx_HAL_Driver/Src/stm32f0xx_hal_rcc_ex.o
 .debug_macro   0x0000ba7c      0x315 Drivers/STM32F0xx_HAL_Driver/Src/stm32f0xx_hal_spi.o
 .debug_macro   0x0000bd91       0x6d Src/font.o
 .debug_macro   0x0000bdfe      0x317 Src/gpio.o
 .debug_macro   0x0000c115      0x321 Src/i2c.o
 .debug_macro   0x0000c436      0x317 Src/io_routines.o
 .debug_macro   0x0000c74d      0x36b Src/lcd.o
 .debug_macro   0x0000cab8       0x16 Src/lcd.o
 .debug_macro   0x0000cace       0x97 Src/lcd.o
 .debug_macro   0x0000cb65       0xfd Src/lcd.o
 .debug_macro   0x0000cc62       0x16 Src/lcd.o
 .debug_macro   0x0000cc78      0x33c Src/main.o
 .debug_macro   0x0000cfb4       0x34 Src/main.o
 .debug_macro   0x0000cfe8      0x317 Src/rtc.o
 .debug_macro   0x0000d2ff      0x321 Src/spi.o
 .debug_macro   0x0000d620      0x30d Src/stm32f0xx_hal_msp.o
 .debug_macro   0x0000d92d      0x317 Src/stm32f0xx_it.o
 .debug_macro   0x0000dc44      0x318 Src/system_stm32f0xx.o
 .debug_macro   0x0000df5c      0x315 Src/text.o

.debug_line     0x00000000     0xbe09
 .debug_line    0x00000000      0x923 Drivers/STM32F0xx_HAL_Driver/Src/stm32f0xx_hal.o
 .debug_line    0x00000923      0x91c Drivers/STM32F0xx_HAL_Driver/Src/stm32f0xx_hal_cortex.o
 .debug_line    0x0000123f      0x905 Drivers/STM32F0xx_HAL_Driver/Src/stm32f0xx_hal_gpio.o
 .debug_line    0x00001b44     0x192e Drivers/STM32F0xx_HAL_Driver/Src/stm32f0xx_hal_i2c.o
 .debug_line    0x00003472      0x878 Drivers/STM32F0xx_HAL_Driver/Src/stm32f0xx_hal_i2c_ex.o
 .debug_line    0x00003cea      0xa27 Drivers/STM32F0xx_HAL_Driver/Src/stm32f0xx_hal_rcc.o
 .debug_line    0x00004711      0x88a Drivers/STM32F0xx_HAL_Driver/Src/stm32f0xx_hal_rcc_ex.o
 .debug_line    0x00004f9b     0x12fd Drivers/STM32F0xx_HAL_Driver/Src/stm32f0xx_hal_spi.o
 .debug_line    0x00006298      0x353 Src/font.o
 .debug_line    0x000065eb      0x7b3 Src/gpio.o
 .debug_line    0x00006d9e      0x7f2 Src/i2c.o
 .debug_line    0x00007590      0x7c4 Src/io_routines.o
 .debug_line    0x00007d54      0x857 Src/lcd.o
 .debug_line    0x000085ab      0x832 Src/main.o
 .debug_line    0x00008ddd      0x83d Src/rtc.o
 .debug_line    0x0000961a      0x7f1 Src/spi.o
 .debug_line    0x00009e0b      0x7a8 Src/stm32f0xx_hal_msp.o
 .debug_line    0x0000a5b3      0x81c Src/stm32f0xx_it.o
 .debug_line    0x0000adcf      0x7dc Src/system_stm32f0xx.o
 .debug_line    0x0000b5ab      0x7db Src/text.o
 .debug_line    0x0000bd86       0x83 startup/startup_stm32f030x6.o

.debug_str      0x00000000    0x3fa05
 .debug_str     0x00000000    0x3d05b Drivers/STM32F0xx_HAL_Driver/Src/stm32f0xx_hal.o
                              0x3d34b (size before relaxing)
 .debug_str     0x0003d05b      0x1f8 Drivers/STM32F0xx_HAL_Driver/Src/stm32f0xx_hal_cortex.o
                              0x3d1f9 (size before relaxing)
 .debug_str     0x0003d253      0x299 Drivers/STM32F0xx_HAL_Driver/Src/stm32f0xx_hal_gpio.o
                              0x3d120 (size before relaxing)
 .debug_str     0x0003d4ec     0x11b1 Drivers/STM32F0xx_HAL_Driver/Src/stm32f0xx_hal_i2c.o
                              0x3e06e (size before relaxing)
 .debug_str     0x0003e69d       0xc4 Drivers/STM32F0xx_HAL_Driver/Src/stm32f0xx_hal_i2c_ex.o
                              0x3d3ed (size before relaxing)
 .debug_str     0x0003e761      0x326 Drivers/STM32F0xx_HAL_Driver/Src/stm32f0xx_hal_rcc.o
                              0x3d284 (size before relaxing)
 .debug_str     0x0003ea87      0x127 Drivers/STM32F0xx_HAL_Driver/Src/stm32f0xx_hal_rcc_ex.o
                              0x3cff3 (size before relaxing)
 .debug_str     0x0003ebae      0x732 Drivers/STM32F0xx_HAL_Driver/Src/stm32f0xx_hal_spi.o
                              0x3d7b3 (size before relaxing)
 .debug_str     0x0003f2e0        0xe Src/font.o
                               0x33a8 (size before relaxing)
 .debug_str     0x0003f2ee       0x35 Src/gpio.o
                              0x3cf08 (size before relaxing)
 .debug_str     0x0003f323       0x42 Src/i2c.o
                              0x3d420 (size before relaxing)
 .debug_str     0x0003f365       0x6c Src/io_routines.o
                              0x3ceb1 (size before relaxing)
 .debug_str     0x0003f3d1      0x2ef Src/lcd.o
                              0x3d521 (size before relaxing)
 .debug_str     0x0003f6c0       0x76 Src/main.o
                              0x3d922 (size before relaxing)
 .debug_str     0x0003f736      0x159 Src/rtc.o
                              0x3d459 (size before relaxing)
 .debug_str     0x0003f88f       0x17 Src/spi.o
                              0x3d329 (size before relaxing)
 .debug_str     0x0003f8a6       0x1b Src/stm32f0xx_hal_msp.o
                              0x3cfae (size before relaxing)
 .debug_str     0x0003f8c1       0x97 Src/stm32f0xx_it.o
                              0x3ceb3 (size before relaxing)
 .debug_str     0x0003f958       0x5a Src/system_stm32f0xx.o
                              0x3ce79 (size before relaxing)
 .debug_str     0x0003f9b2       0x53 Src/text.o
                              0x3ce7c (size before relaxing)

.comment        0x00000000       0x7f
 .comment       0x00000000       0x7f Drivers/STM32F0xx_HAL_Driver/Src/stm32f0xx_hal.o
                                 0x80 (size before relaxing)
 .comment       0x0000007f       0x80 Drivers/STM32F0xx_HAL_Driver/Src/stm32f0xx_hal_cortex.o
 .comment       0x0000007f       0x80 Drivers/STM32F0xx_HAL_Driver/Src/stm32f0xx_hal_gpio.o
 .comment       0x0000007f       0x80 Drivers/STM32F0xx_HAL_Driver/Src/stm32f0xx_hal_i2c.o
 .comment       0x0000007f       0x80 Drivers/STM32F0xx_HAL_Driver/Src/stm32f0xx_hal_i2c_ex.o
 .comment       0x0000007f       0x80 Drivers/STM32F0xx_HAL_Driver/Src/stm32f0xx_hal_rcc.o
 .comment       0x0000007f       0x80 Drivers/STM32F0xx_HAL_Driver/Src/stm32f0xx_hal_rcc_ex.o
 .comment       0x0000007f       0x80 Drivers/STM32F0xx_HAL_Driver/Src/stm32f0xx_hal_spi.o
 .comment       0x0000007f       0x80 Src/font.o
 .comment       0x0000007f       0x80 Src/gpio.o
 .comment       0x0000007f       0x80 Src/i2c.o
 .comment       0x0000007f       0x80 Src/io_routines.o
 .comment       0x0000007f       0x80 Src/lcd.o
 .comment       0x0000007f       0x80 Src/main.o
 .comment       0x0000007f       0x80 Src/rtc.o
 .comment       0x0000007f       0x80 Src/spi.o
 .comment       0x0000007f       0x80 Src/stm32f0xx_hal_msp.o
 .comment       0x0000007f       0x80 Src/stm32f0xx_it.o
 .comment       0x0000007f       0x80 Src/system_stm32f0xx.o
 .comment       0x0000007f       0x80 Src/text.o

.debug_frame    0x00000000     0x1810
 .debug_frame   0x00000000      0x174 Drivers/STM32F0xx_HAL_Driver/Src/stm32f0xx_hal.o
 .debug_frame   0x00000174       0xe4 Drivers/STM32F0xx_HAL_Driver/Src/stm32f0xx_hal_cortex.o
 .debug_frame   0x00000258       0xcc Drivers/STM32F0xx_HAL_Driver/Src/stm32f0xx_hal_gpio.o
 .debug_frame   0x00000324      0x784 Drivers/STM32F0xx_HAL_Driver/Src/stm32f0xx_hal_i2c.o
 .debug_frame   0x00000aa8       0x78 Drivers/STM32F0xx_HAL_Driver/Src/stm32f0xx_hal_i2c_ex.o
 .debug_frame   0x00000b20      0x130 Drivers/STM32F0xx_HAL_Driver/Src/stm32f0xx_hal_rcc.o
 .debug_frame   0x00000c50       0x58 Drivers/STM32F0xx_HAL_Driver/Src/stm32f0xx_hal_rcc_ex.o
 .debug_frame   0x00000ca8      0x578 Drivers/STM32F0xx_HAL_Driver/Src/stm32f0xx_hal_spi.o
 .debug_frame   0x00001220       0x30 Src/gpio.o
 .debug_frame   0x00001250       0x58 Src/i2c.o
 .debug_frame   0x000012a8       0x30 Src/io_routines.o
 .debug_frame   0x000012d8       0xe0 Src/lcd.o
 .debug_frame   0x000013b8       0x70 Src/main.o
 .debug_frame   0x00001428       0xfc Src/rtc.o
 .debug_frame   0x00001524       0x58 Src/spi.o
 .debug_frame   0x0000157c       0x28 Src/stm32f0xx_hal_msp.o
 .debug_frame   0x000015a4       0x98 Src/stm32f0xx_it.o
 .debug_frame   0x0000163c       0x38 Src/system_stm32f0xx.o
 .debug_frame   0x00001674       0x58 Src/text.o
 .debug_frame   0x000016cc       0x20 d:/zainstalowane/programy/stm32_develop/eclipse/plugins/fr.ac6.mcu.externaltools.arm-none.win32_1.15.0.201708311556/tools/compiler/bin/../lib/gcc/arm-none-eabi/6.3.1/thumb/v6-m\libgcc.a(_udivsi3.o)
 .debug_frame   0x000016ec       0x2c d:/zainstalowane/programy/stm32_develop/eclipse/plugins/fr.ac6.mcu.externaltools.arm-none.win32_1.15.0.201708311556/tools/compiler/bin/../lib/gcc/arm-none-eabi/6.3.1/../../../../arm-none-eabi/lib/thumb/v6-m\libc_nano.a(lib_a-init.o)
 .debug_frame   0x00001718       0x40 d:/zainstalowane/programy/stm32_develop/eclipse/plugins/fr.ac6.mcu.externaltools.arm-none.win32_1.15.0.201708311556/tools/compiler/bin/../lib/gcc/arm-none-eabi/6.3.1/../../../../arm-none-eabi/lib/thumb/v6-m\libc_nano.a(lib_a-itoa.o)
 .debug_frame   0x00001758       0x28 d:/zainstalowane/programy/stm32_develop/eclipse/plugins/fr.ac6.mcu.externaltools.arm-none.win32_1.15.0.201708311556/tools/compiler/bin/../lib/gcc/arm-none-eabi/6.3.1/../../../../arm-none-eabi/lib/thumb/v6-m\libc_nano.a(lib_a-memcpy-stub.o)
 .debug_frame   0x00001780       0x20 d:/zainstalowane/programy/stm32_develop/eclipse/plugins/fr.ac6.mcu.externaltools.arm-none.win32_1.15.0.201708311556/tools/compiler/bin/../lib/gcc/arm-none-eabi/6.3.1/../../../../arm-none-eabi/lib/thumb/v6-m\libc_nano.a(lib_a-memset.o)
 .debug_frame   0x000017a0       0x28 d:/zainstalowane/programy/stm32_develop/eclipse/plugins/fr.ac6.mcu.externaltools.arm-none.win32_1.15.0.201708311556/tools/compiler/bin/../lib/gcc/arm-none-eabi/6.3.1/../../../../arm-none-eabi/lib/thumb/v6-m\libc_nano.a(lib_a-strcat.o)
 .debug_frame   0x000017c8       0x48 d:/zainstalowane/programy/stm32_develop/eclipse/plugins/fr.ac6.mcu.externaltools.arm-none.win32_1.15.0.201708311556/tools/compiler/bin/../lib/gcc/arm-none-eabi/6.3.1/../../../../arm-none-eabi/lib/thumb/v6-m\libc_nano.a(lib_a-utoa.o)
